{
    "multiqc-neuroimaging - stub": {
        "content": [
            [
                "versions.yml:md5,b2182f34d4ef89e70b5f2317f2d53cdf"
            ]
        ],
        "meta": {
            "nf-test": "0.9.3",
            "nextflow": "25.04.8"
        },
        "timestamp": "2026-05-07T15:23:11.009097"
    },
    "multiqc-neuroimaging - single-subject report": {
        "content": [
            [
                "versions.yml:md5,b2182f34d4ef89e70b5f2317f2d53cdf"
            ]
        ],
        "meta": {
            "nf-test": "0.9.3",
            "nextflow": "25.04.8"
        },
        "timestamp": "2026-05-07T15:22:53.943537"
    },
    "multiqc-neuroimaging - global report": {
        "content": [
            [
                "versions.yml:md5,b2182f34d4ef89e70b5f2317f2d53cdf"
            ]
        ],
        "meta": {
            "nf-test": "0.9.3",
            "nextflow": "25.04.8"
        },
        "timestamp": "2026-05-07T15:22:31.111421"
    }
}