{
    "BundleSeg - should run successfully": {
        "content": [
            37,
            {
                "BUNDLE_FIXELAFD": {
                    "scilpy": "2.2.1"
                },
                "BUNDLE_LABELMAP": {
                    "scilpy": "2.2.1"
                },
                "BUNDLE_RECOGNIZE": {
                    "scilpy": "2.2.1"
                },
                "BUNDLE_STATS": {
                    "scilpy": "2.2.1"
                },
                "BUNDLE_UNIFORMIZE": {
                    "scilpy": "2.2.1"
                },
                "REGISTRATION_ANTS": {
                    "ants": "2.4.3",
                    "mrtrix": "3.0.4",
                    "imagemagick": null
                },
                "TRACTOGRAM_REMOVEINVALID": {
                    "scilpy": "2.2.1"
                },
                "TRACTOGRAM_RESAMPLE": {
                    "scilpy": "2.2.1"
                },
                "TRANSFORM_CENTROIDS": {
                    "ants": null,
                    "scilpy": "2.2.1"
                },
                "Workflow": {
                    "scilus/nf-pediatric": "v0.1.0"
                }
            },
            [
                "README.txt",
                "bundles_mean_stats.tsv",
                "bundles_point_stats.tsv",
                "dataset_description.json",
                "multiqc",
                "multiqc/global_multiqc_data",
                "multiqc/global_multiqc_plots",
                "multiqc/global_multiqc_report.html",
                "pipeline_info",
                "pipeline_info/nf-pediatric_software_mqc_versions.yml",
                "sub-test1",
                "sub-test1/ses-baseline",
                "sub-test1/ses-baseline/dwi",
                "sub-test1/ses-baseline/dwi/bundles",
                "sub-test1/ses-baseline/dwi/bundles/sub-test1_ses-baseline_desc-AF_L.trk",
                "sub-test1/ses-baseline/dwi/bundles/sub-test1_ses-baseline_desc-AF_R.trk",
                "sub-test1/ses-baseline/dwi/sub-test1_ses-baseline_desc-endpoints_map_raw_stats.json",
                "sub-test1/ses-baseline/dwi/sub-test1_ses-baseline_desc-endpoints_metric_stats.json",
                "sub-test1/ses-baseline/dwi/sub-test1_ses-baseline_desc-length_stats.json",
                "sub-test1/ses-baseline/dwi/sub-test1_ses-baseline_desc-lesions_map.nii.gz",
                "sub-test1/ses-baseline/dwi/sub-test1_ses-baseline_desc-mean_stats.tsv",
                "sub-test1/ses-baseline/dwi/sub-test1_ses-baseline_desc-point_stats.tsv",
                "sub-test1/ses-baseline/dwi/sub-test1_ses-baseline_desc-streamline_count.json",
                "sub-test1/ses-baseline/dwi/sub-test1_ses-baseline_desc-streamline_count_lesions.json",
                "sub-test1/ses-baseline/dwi/sub-test1_ses-baseline_desc-volume_lesions_stats.json",
                "sub-test1/ses-baseline/dwi/sub-test1_ses-baseline_desc-volume_per_label.json",
                "sub-test1/ses-baseline/dwi/sub-test1_ses-baseline_desc-volume_per_label_lesions.json",
                "sub-test1/ses-baseline/dwi/sub-test1_ses-baseline_desc-volume_stats.json",
                "sub-test1/ses-time1",
                "sub-test1/ses-time1/dwi",
                "sub-test1/ses-time1/dwi/bundles",
                "sub-test1/ses-time1/dwi/bundles/sub-test1_ses-time1_desc-AF_L.trk",
                "sub-test1/ses-time1/dwi/bundles/sub-test1_ses-time1_desc-AF_R.trk",
                "sub-test1/ses-time1/dwi/sub-test1_ses-time1_desc-endpoints_map_raw_stats.json",
                "sub-test1/ses-time1/dwi/sub-test1_ses-time1_desc-endpoints_metric_stats.json",
                "sub-test1/ses-time1/dwi/sub-test1_ses-time1_desc-length_stats.json",
                "sub-test1/ses-time1/dwi/sub-test1_ses-time1_desc-lesions_map.nii.gz",
                "sub-test1/ses-time1/dwi/sub-test1_ses-time1_desc-mean_stats.tsv",
                "sub-test1/ses-time1/dwi/sub-test1_ses-time1_desc-point_stats.tsv",
                "sub-test1/ses-time1/dwi/sub-test1_ses-time1_desc-streamline_count.json",
                "sub-test1/ses-time1/dwi/sub-test1_ses-time1_desc-streamline_count_lesions.json",
                "sub-test1/ses-time1/dwi/sub-test1_ses-time1_desc-volume_lesions_stats.json",
                "sub-test1/ses-time1/dwi/sub-test1_ses-time1_desc-volume_per_label.json",
                "sub-test1/ses-time1/dwi/sub-test1_ses-time1_desc-volume_per_label_lesions.json",
                "sub-test1/ses-time1/dwi/sub-test1_ses-time1_desc-volume_stats.json",
                "sub-test3",
                "sub-test3/dwi",
                "sub-test3/dwi/bundles",
                "sub-test3/dwi/bundles/sub-test3_desc-AF_L.trk",
                "sub-test3/dwi/bundles/sub-test3_desc-AF_R.trk",
                "sub-test3/dwi/sub-test3_desc-endpoints_map_raw_stats.json",
                "sub-test3/dwi/sub-test3_desc-endpoints_metric_stats.json",
                "sub-test3/dwi/sub-test3_desc-length_stats.json",
                "sub-test3/dwi/sub-test3_desc-lesions_map.nii.gz",
                "sub-test3/dwi/sub-test3_desc-mean_stats.tsv",
                "sub-test3/dwi/sub-test3_desc-point_stats.tsv",
                "sub-test3/dwi/sub-test3_desc-streamline_count.json",
                "sub-test3/dwi/sub-test3_desc-streamline_count_lesions.json",
                "sub-test3/dwi/sub-test3_desc-volume_lesions_stats.json",
                "sub-test3/dwi/sub-test3_desc-volume_per_label.json",
                "sub-test3/dwi/sub-test3_desc-volume_per_label_lesions.json",
                "sub-test3/dwi/sub-test3_desc-volume_stats.json",
                "sub-test4",
                "sub-test4/dwi",
                "sub-test4/dwi/bundles",
                "sub-test4/dwi/bundles/sub-test4_desc-AF_L.trk",
                "sub-test4/dwi/bundles/sub-test4_desc-AF_R.trk",
                "sub-test4/dwi/sub-test4_desc-endpoints_map_raw_stats.json",
                "sub-test4/dwi/sub-test4_desc-endpoints_metric_stats.json",
                "sub-test4/dwi/sub-test4_desc-length_stats.json",
                "sub-test4/dwi/sub-test4_desc-lesions_map.nii.gz",
                "sub-test4/dwi/sub-test4_desc-mean_stats.tsv",
                "sub-test4/dwi/sub-test4_desc-point_stats.tsv",
                "sub-test4/dwi/sub-test4_desc-streamline_count.json",
                "sub-test4/dwi/sub-test4_desc-streamline_count_lesions.json",
                "sub-test4/dwi/sub-test4_desc-volume_lesions_stats.json",
                "sub-test4/dwi/sub-test4_desc-volume_per_label.json",
                "sub-test4/dwi/sub-test4_desc-volume_per_label_lesions.json",
                "sub-test4/dwi/sub-test4_desc-volume_stats.json"
            ]
        ],
        "meta": {
            "nf-test": "0.9.3",
            "nextflow": "25.04.8"
        },
        "timestamp": "2025-12-02T09:00:34.107372"
    }
}