{
    "Segmentation profile - should run successfully": {
        "content": [
            29,
            {
                "BRAINNETOMECHILD": {
                    "scilpy": 1.6,
                    "freesurfer": "7.4.1"
                },
                "CONCATENATESTATS": {
                    "python": "3.10.12",
                    "pandas": "2.2.3"
                },
                "COREG": {
                    "ants": "2.4.3",
                    "mrtrix": "3.0.4",
                    "imagemagick": null
                },
                "DENOISING_NLMEANS": {
                    "scilpy": "2.0.2"
                },
                "FORMATLABELS": {
                    "scilpy": 1.6,
                    "freesurfer": "7.4.1"
                },
                "MCRIBS": {
                    "mcribs": "2.1.0",
                    "ants": "2.5.3-g98bf76d",
                    "fsl": 6.0,
                    "freesurfer": "7.1.1"
                },
                "RECONALLCLINICAL": {
                    "freesurfer": "8.0.0"
                },
                "Workflow": {
                    "scilus/sf-pediatric": "v0.2.0"
                }
            },
            [
                "cortical_Child_area_lh.tsv",
                "cortical_Child_area_rh.tsv",
                "cortical_Child_thickness_lh.tsv",
                "cortical_Child_thickness_rh.tsv",
                "cortical_Child_volume_lh.tsv",
                "cortical_Child_volume_rh.tsv",
                "cortical_Infant_area_lh.tsv",
                "cortical_Infant_area_rh.tsv",
                "cortical_Infant_thickness_lh.tsv",
                "cortical_Infant_thickness_rh.tsv",
                "cortical_Infant_volume_lh.tsv",
                "cortical_Infant_volume_rh.tsv",
                "dataset_description.json",
                "multiqc",
                "multiqc/global_multiqc_data",
                "multiqc/global_multiqc_plots",
                "multiqc/global_multiqc_report.html",
                "participants.tsv",
                "pipeline_info",
                "pipeline_info/sf-pediatric_software_mqc_versions.yml",
                "sub-test1",
                "sub-test1/ses-baseline",
                "sub-test1/ses-baseline/anat",
                "sub-test1/ses-baseline/anat/sub-test1_ses-baseline_seg-DK_desc-labels_dseg.json",
                "sub-test1/ses-baseline/anat/sub-test1_ses-baseline_seg-DK_desc-labels_dseg.txt",
                "sub-test1/ses-baseline/anat/sub-test1_ses-baseline_seg-DK_dseg.json",
                "sub-test1/ses-baseline/anat/sub-test1_ses-baseline_seg-DK_dseg.nii.gz",
                "sub-test1/ses-baseline/anat/sub-test1_ses-baseline_seg-DK_hemi-left_stat-surfacearea.tsv",
                "sub-test1/ses-baseline/anat/sub-test1_ses-baseline_seg-DK_hemi-left_stat-thickness.tsv",
                "sub-test1/ses-baseline/anat/sub-test1_ses-baseline_seg-DK_hemi-left_stat-volume.tsv",
                "sub-test1/ses-baseline/anat/sub-test1_ses-baseline_seg-DK_hemi-right_stat-surfacearea.tsv",
                "sub-test1/ses-baseline/anat/sub-test1_ses-baseline_seg-DK_hemi-right_stat-thickness.tsv",
                "sub-test1/ses-baseline/anat/sub-test1_ses-baseline_seg-DK_hemi-right_stat-volume.tsv",
                "sub-test1/ses-baseline/anat/sub-test1_ses-baseline_seg-DK_stat-subcortical.tsv",
                "sub-test1/ses-baseline/anat/sub-test1_ses-baseline_space-T1w_desc-brain_mask.json",
                "sub-test1/ses-baseline/anat/sub-test1_ses-baseline_space-T1w_desc-brain_mask.nii.gz",
                "sub-test1/ses-baseline/anat/sub-test1_ses-baseline_space-T1w_desc-preproc_T1w.json",
                "sub-test1/ses-baseline/anat/sub-test1_ses-baseline_space-T1w_desc-preproc_T1w.nii.gz",
                "sub-test1/ses-baseline/anat/sub-test1_ses-baseline_space-T2w_desc-brain_mask.json",
                "sub-test1/ses-baseline/anat/sub-test1_ses-baseline_space-T2w_desc-brain_mask.nii.gz",
                "sub-test1/ses-baseline/anat/sub-test1_ses-baseline_space-T2w_desc-preproc_T1w.json",
                "sub-test1/ses-baseline/anat/sub-test1_ses-baseline_space-T2w_desc-preproc_T1w.nii.gz",
                "sub-test1/ses-baseline/anat/sub-test1_ses-baseline_space-T2w_desc-preproc_T2w.json",
                "sub-test1/ses-baseline/anat/sub-test1_ses-baseline_space-T2w_desc-preproc_T2w.nii.gz",
                "sub-test1/ses-baseline/figures",
                "sub-test1/ses-baseline/figures/sub-test1_ses-baseline_labels_mqc.png",
                "sub-test1/ses-baseline/multiqc",
                "sub-test1/ses-baseline/multiqc/sub-test1_multiqc_data",
                "sub-test1/ses-baseline/multiqc/sub-test1_multiqc_plots",
                "sub-test1/ses-baseline/multiqc/sub-test1_multiqc_report.html",
                "sub-test1/ses-baseline/xfm",
                "sub-test1/ses-baseline/xfm/sub-test1_ses-baseline_from-T1w_to-T2w_mode-image_desc-affine_xfm.mat",
                "sub-test1/ses-baseline/xfm/sub-test1_ses-baseline_from-T2w_to-T1w_mode-image_desc-affine_xfm.mat",
                "sub-test1/ses-time1",
                "sub-test1/ses-time1/anat",
                "sub-test1/ses-time1/anat/sub-test1_ses-time1_seg-BrainnetomeChild_desc-dilated_dseg.nii.gz",
                "sub-test1/ses-time1/anat/sub-test1_ses-time1_seg-BrainnetomeChild_desc-labels_dseg.json",
                "sub-test1/ses-time1/anat/sub-test1_ses-time1_seg-BrainnetomeChild_desc-labels_dseg.txt",
                "sub-test1/ses-time1/anat/sub-test1_ses-time1_seg-BrainnetomeChild_dseg.json",
                "sub-test1/ses-time1/anat/sub-test1_ses-time1_seg-BrainnetomeChild_dseg.nii.gz",
                "sub-test1/ses-time1/anat/sub-test1_ses-time1_seg-BrainnetomeChild_hemi-left_stat-surfacearea.tsv",
                "sub-test1/ses-time1/anat/sub-test1_ses-time1_seg-BrainnetomeChild_hemi-left_stat-thickness.tsv",
                "sub-test1/ses-time1/anat/sub-test1_ses-time1_seg-BrainnetomeChild_hemi-left_stat-volume.tsv",
                "sub-test1/ses-time1/anat/sub-test1_ses-time1_seg-BrainnetomeChild_hemi-right_stat-surfacearea.tsv",
                "sub-test1/ses-time1/anat/sub-test1_ses-time1_seg-BrainnetomeChild_hemi-right_stat-thickness.tsv",
                "sub-test1/ses-time1/anat/sub-test1_ses-time1_seg-BrainnetomeChild_hemi-right_stat-volume.tsv",
                "sub-test1/ses-time1/anat/sub-test1_ses-time1_seg-BrainnetomeChild_stat-subcortical.tsv",
                "sub-test1/ses-time1/figures",
                "sub-test1/ses-time1/figures/sub-test1_ses-time1_labels_mqc.png",
                "sub-test1/ses-time1/multiqc",
                "sub-test1/ses-time1/multiqc/sub-test1_multiqc_data",
                "sub-test1/ses-time1/multiqc/sub-test1_multiqc_plots",
                "sub-test1/ses-time1/multiqc/sub-test1_multiqc_report.html",
                "sub-test3",
                "sub-test3/anat",
                "sub-test3/anat/sub-test3_seg-BrainnetomeChild_desc-dilated_dseg.nii.gz",
                "sub-test3/anat/sub-test3_seg-BrainnetomeChild_desc-labels_dseg.json",
                "sub-test3/anat/sub-test3_seg-BrainnetomeChild_desc-labels_dseg.txt",
                "sub-test3/anat/sub-test3_seg-BrainnetomeChild_dseg.json",
                "sub-test3/anat/sub-test3_seg-BrainnetomeChild_dseg.nii.gz",
                "sub-test3/anat/sub-test3_seg-BrainnetomeChild_hemi-left_stat-surfacearea.tsv",
                "sub-test3/anat/sub-test3_seg-BrainnetomeChild_hemi-left_stat-thickness.tsv",
                "sub-test3/anat/sub-test3_seg-BrainnetomeChild_hemi-left_stat-volume.tsv",
                "sub-test3/anat/sub-test3_seg-BrainnetomeChild_hemi-right_stat-surfacearea.tsv",
                "sub-test3/anat/sub-test3_seg-BrainnetomeChild_hemi-right_stat-thickness.tsv",
                "sub-test3/anat/sub-test3_seg-BrainnetomeChild_hemi-right_stat-volume.tsv",
                "sub-test3/anat/sub-test3_seg-BrainnetomeChild_stat-subcortical.tsv",
                "sub-test3/figures",
                "sub-test3/figures/sub-test3_labels_mqc.png",
                "sub-test3/multiqc",
                "sub-test3/multiqc/sub-test3_multiqc_data",
                "sub-test3/multiqc/sub-test3_multiqc_plots",
                "sub-test3/multiqc/sub-test3_multiqc_report.html",
                "subcortical_Child_volumes.tsv",
                "subcortical_Infant_volumes.tsv"
            ],
            [
                "",
                "sub-test1_ses-time1",
                "sub-test1_ses-time1/sub-test1_ses-time1",
                "sub-test1_ses-time1/sub-test1_ses-time1/label",
                "sub-test1_ses-time1/sub-test1_ses-time1/label/lh.BN_Child.annot",
                "sub-test1_ses-time1/sub-test1_ses-time1/label/rh.BN_Child.annot",
                "sub-test1_ses-time1/sub-test1_ses-time1/mri",
                "sub-test1_ses-time1/sub-test1_ses-time1/mri/transforms",
                "sub-test1_ses-time1/sub-test1_ses-time1/scripts",
                "sub-test1_ses-time1/sub-test1_ses-time1/stats",
                "sub-test1_ses-time1/sub-test1_ses-time1/stats/lh.BN_Child.stats",
                "sub-test1_ses-time1/sub-test1_ses-time1/stats/rh.BN_Child.stats",
                "sub-test1_ses-time1/sub-test1_ses-time1/surf",
                "sub-test1_ses-time1/sub-test1_ses-time1/tmp",
                "sub-test1_ses-time1/sub-test1_ses-time1/touch",
                "sub-test3",
                "sub-test3/sub-test3",
                "sub-test3/sub-test3/label",
                "sub-test3/sub-test3/label/lh.BN_Child.annot",
                "sub-test3/sub-test3/label/rh.BN_Child.annot",
                "sub-test3/sub-test3/mri",
                "sub-test3/sub-test3/mri/transforms",
                "sub-test3/sub-test3/scripts",
                "sub-test3/sub-test3/stats",
                "sub-test3/sub-test3/stats/lh.BN_Child.stats",
                "sub-test3/sub-test3/stats/rh.BN_Child.stats",
                "sub-test3/sub-test3/surf",
                "sub-test3/sub-test3/tmp",
                "sub-test3/sub-test3/touch"
            ],
            [
                "",
                "sub-test1_ses-baseline"
            ]
        ],
        "meta": {
            "nf-test": "0.9.3",
            "nextflow": "25.04.8"
        },
        "timestamp": "2025-12-18T12:49:40.78129"
    }
}