{
    "Tracking profile - should run successfully": {
        "content": [
            199,
            {
                "ANATTODWI": {
                    "ants": "2.4.3",
                    "mrtrix": "3.0.4",
                    "imagemagick": "6.9.11"
                },
                "BETCROP_SYNTHBET": {
                    "synthstrip": 1.5
                },
                "BET_DWI": {
                    "mrtrix": "3.0.5"
                },
                "CONVERT": {
                    "mrconvert": "3.0.5"
                },
                "COREG": {
                    "ants": "2.4.3",
                    "mrtrix": "3.0.4",
                    "imagemagick": null
                },
                "CROPB0": {
                    "scilpy": "2.0.2"
                },
                "CROPDWI": {
                    "scilpy": "2.0.2"
                },
                "CROPMASK": {
                    "scilpy": "2.0.2"
                },
                "DENOISE_DWI": {
                    "mrtrix": "3.0.5"
                },
                "DENOISE_REVDWI": {
                    "mrtrix": "3.0.5"
                },
                "DENOISING_NLMEANS": {
                    "scilpy": "2.0.2"
                },
                "EXTRACTB0_RESAMPLE": {
                    "scilpy": "2.0.2",
                    "mrtrix": "3.0.4"
                },
                "FASTSEG": {
                    "scilpy": "2.0.0",
                    "fsl": 6.0
                },
                "IMAGE_POWDERAVERAGE": {
                    "scilpy": "2.0.2"
                },
                "N4_DWI": {
                    "ants": null,
                    "mrtrix": "3.0.5"
                },
                "NORMALIZE_DWI": {
                    "scilpy": "2.0.2",
                    "mrtrix": "3.0.4"
                },
                "PREPROC_TOPUP": {
                    "scilpy": "2.1.0",
                    "antsRegistration": null,
                    "fsl": 6.0,
                    "mrtrix": "3.0.4",
                    "imagemagick": "6.9.11"
                },
                "RECONST_DTIMETRICS": {
                    "scilpy": "2.1.0",
                    "mrtrix": "3.0.4"
                },
                "RECONST_FODF": {
                    "scilpy": "2.2.0"
                },
                "RECONST_FRF": {
                    "scilpy": "2.1.0"
                },
                "RESAMPLE_DWI": {
                    "scilpy": "2.2.0"
                },
                "RESAMPLE_MASK": {
                    "scilpy": "2.2.0"
                },
                "TEMPLATETODWI": {
                    "ants": "2.4.3",
                    "mrtrix": "3.0.4",
                    "imagemagick": "6.9.11"
                },
                "TRACKINGMASKS": {
                    "mrtrix": "3.0.4"
                },
                "TRACKING_LOCALTRACKING": {
                    "scilpy": "2.0.2"
                },
                "TRACKING_PFTTRACKING": {
                    "scilpy": "2.0.2"
                },
                "TRACTOGRAM_MATH": {
                    "scilpy": "2.2.0"
                },
                "WARPPROBSEG": {
                    "ants": "2.4.3",
                    "mrtrix": "3.0.4",
                    "imagemagick": null
                },
                "Workflow": {
                    "scilus/sf-pediatric": "v0.1.0"
                }
            },
            [
                "dataset_description.json",
                "multiqc",
                "multiqc/global_multiqc_data",
                "multiqc/global_multiqc_plots",
                "multiqc/global_multiqc_report.html",
                "participants.tsv",
                "pipeline_info",
                "pipeline_info/sf-pediatric_software_mqc_versions.yml",
                "sub-test1",
                "sub-test1/ses-baseline",
                "sub-test1/ses-baseline/anat",
                "sub-test1/ses-baseline/anat/sub-test1_ses-baseline_space-DWI_desc-preproc_T2w.json",
                "sub-test1/ses-baseline/anat/sub-test1_ses-baseline_space-DWI_desc-preproc_T2w.nii.gz",
                "sub-test1/ses-baseline/anat/sub-test1_ses-baseline_space-DWI_label-CSF_mask.json",
                "sub-test1/ses-baseline/anat/sub-test1_ses-baseline_space-DWI_label-CSF_mask.nii.gz",
                "sub-test1/ses-baseline/anat/sub-test1_ses-baseline_space-DWI_label-CSF_probseg.json",
                "sub-test1/ses-baseline/anat/sub-test1_ses-baseline_space-DWI_label-CSF_probseg.nii.gz",
                "sub-test1/ses-baseline/anat/sub-test1_ses-baseline_space-DWI_label-GM_mask.json",
                "sub-test1/ses-baseline/anat/sub-test1_ses-baseline_space-DWI_label-GM_mask.nii.gz",
                "sub-test1/ses-baseline/anat/sub-test1_ses-baseline_space-DWI_label-GM_probseg.json",
                "sub-test1/ses-baseline/anat/sub-test1_ses-baseline_space-DWI_label-GM_probseg.nii.gz",
                "sub-test1/ses-baseline/anat/sub-test1_ses-baseline_space-DWI_label-WM_mask.json",
                "sub-test1/ses-baseline/anat/sub-test1_ses-baseline_space-DWI_label-WM_mask.nii.gz",
                "sub-test1/ses-baseline/anat/sub-test1_ses-baseline_space-DWI_label-WM_probseg.json",
                "sub-test1/ses-baseline/anat/sub-test1_ses-baseline_space-DWI_label-WM_probseg.nii.gz",
                "sub-test1/ses-baseline/anat/sub-test1_ses-baseline_space-T1w_desc-brain_mask.json",
                "sub-test1/ses-baseline/anat/sub-test1_ses-baseline_space-T1w_desc-brain_mask.nii.gz",
                "sub-test1/ses-baseline/anat/sub-test1_ses-baseline_space-T1w_desc-preproc_T1w.json",
                "sub-test1/ses-baseline/anat/sub-test1_ses-baseline_space-T1w_desc-preproc_T1w.nii.gz",
                "sub-test1/ses-baseline/anat/sub-test1_ses-baseline_space-T2w_desc-brain_mask.json",
                "sub-test1/ses-baseline/anat/sub-test1_ses-baseline_space-T2w_desc-brain_mask.nii.gz",
                "sub-test1/ses-baseline/anat/sub-test1_ses-baseline_space-T2w_desc-preproc_T1w.json",
                "sub-test1/ses-baseline/anat/sub-test1_ses-baseline_space-T2w_desc-preproc_T1w.nii.gz",
                "sub-test1/ses-baseline/anat/sub-test1_ses-baseline_space-T2w_desc-preproc_T2w.json",
                "sub-test1/ses-baseline/anat/sub-test1_ses-baseline_space-T2w_desc-preproc_T2w.nii.gz",
                "sub-test1/ses-baseline/dwi",
                "sub-test1/ses-baseline/dwi/sub-test1_ses-baseline_desc-brain_mask.json",
                "sub-test1/ses-baseline/dwi/sub-test1_ses-baseline_desc-brain_mask.nii.gz",
                "sub-test1/ses-baseline/dwi/sub-test1_ses-baseline_desc-preproc_b0.json",
                "sub-test1/ses-baseline/dwi/sub-test1_ses-baseline_desc-preproc_b0.nii.gz",
                "sub-test1/ses-baseline/dwi/sub-test1_ses-baseline_desc-preproc_dwi.bval",
                "sub-test1/ses-baseline/dwi/sub-test1_ses-baseline_desc-preproc_dwi.bvec",
                "sub-test1/ses-baseline/dwi/sub-test1_ses-baseline_desc-preproc_dwi.json",
                "sub-test1/ses-baseline/dwi/sub-test1_ses-baseline_desc-preproc_dwi.nii.gz",
                "sub-test1/ses-baseline/dwi/sub-test1_ses-baseline_frf.txt",
                "sub-test1/ses-baseline/dwi/sub-test1_ses-baseline_model-csd_param-afdmax_dwimap.json",
                "sub-test1/ses-baseline/dwi/sub-test1_ses-baseline_model-csd_param-afdmax_dwimap.nii.gz",
                "sub-test1/ses-baseline/dwi/sub-test1_ses-baseline_model-csd_param-afdsum_dwimap.json",
                "sub-test1/ses-baseline/dwi/sub-test1_ses-baseline_model-csd_param-afdsum_dwimap.nii.gz",
                "sub-test1/ses-baseline/dwi/sub-test1_ses-baseline_model-csd_param-afdtotal_dwimap.json",
                "sub-test1/ses-baseline/dwi/sub-test1_ses-baseline_model-csd_param-afdtotal_dwimap.nii.gz",
                "sub-test1/ses-baseline/dwi/sub-test1_ses-baseline_model-csd_param-csfsh_dwimap.nii.gz",
                "sub-test1/ses-baseline/dwi/sub-test1_ses-baseline_model-csd_param-gmsh_dwimap.nii.gz",
                "sub-test1/ses-baseline/dwi/sub-test1_ses-baseline_model-csd_param-nufo_dwimap.json",
                "sub-test1/ses-baseline/dwi/sub-test1_ses-baseline_model-csd_param-nufo_dwimap.nii.gz",
                "sub-test1/ses-baseline/dwi/sub-test1_ses-baseline_model-csd_param-peaks_dwimap.json",
                "sub-test1/ses-baseline/dwi/sub-test1_ses-baseline_model-csd_param-peaks_dwimap.nii.gz",
                "sub-test1/ses-baseline/dwi/sub-test1_ses-baseline_model-csd_param-sh_dwimap.json",
                "sub-test1/ses-baseline/dwi/sub-test1_ses-baseline_model-csd_param-sh_dwimap.nii.gz",
                "sub-test1/ses-baseline/dwi/sub-test1_ses-baseline_model-csd_param-wmsh_dwimap.nii.gz",
                "sub-test1/ses-baseline/dwi/sub-test1_ses-baseline_model-tensor_param-ad_dwimap.json",
                "sub-test1/ses-baseline/dwi/sub-test1_ses-baseline_model-tensor_param-ad_dwimap.nii.gz",
                "sub-test1/ses-baseline/dwi/sub-test1_ses-baseline_model-tensor_param-diffusivity_dwimap.json",
                "sub-test1/ses-baseline/dwi/sub-test1_ses-baseline_model-tensor_param-diffusivity_dwimap.nii.gz",
                "sub-test1/ses-baseline/dwi/sub-test1_ses-baseline_model-tensor_param-fa_dwimap.json",
                "sub-test1/ses-baseline/dwi/sub-test1_ses-baseline_model-tensor_param-fa_dwimap.nii.gz",
                "sub-test1/ses-baseline/dwi/sub-test1_ses-baseline_model-tensor_param-ga_dwimap.json",
                "sub-test1/ses-baseline/dwi/sub-test1_ses-baseline_model-tensor_param-ga_dwimap.nii.gz",
                "sub-test1/ses-baseline/dwi/sub-test1_ses-baseline_model-tensor_param-md_dwimap.json",
                "sub-test1/ses-baseline/dwi/sub-test1_ses-baseline_model-tensor_param-md_dwimap.nii.gz",
                "sub-test1/ses-baseline/dwi/sub-test1_ses-baseline_model-tensor_param-mode_dwimap.json",
                "sub-test1/ses-baseline/dwi/sub-test1_ses-baseline_model-tensor_param-mode_dwimap.nii.gz",
                "sub-test1/ses-baseline/dwi/sub-test1_ses-baseline_model-tensor_param-rd_dwimap.json",
                "sub-test1/ses-baseline/dwi/sub-test1_ses-baseline_model-tensor_param-rd_dwimap.nii.gz",
                "sub-test1/ses-baseline/dwi/sub-test1_ses-baseline_model-tensor_param-rgb_dwimap.json",
                "sub-test1/ses-baseline/dwi/sub-test1_ses-baseline_model-tensor_param-rgb_dwimap.nii.gz",
                "sub-test1/ses-baseline/dwi/sub-test1_ses-baseline_space-DWI_label-exclude_desc-pft_probseg.json",
                "sub-test1/ses-baseline/dwi/sub-test1_ses-baseline_space-DWI_label-exclude_desc-pft_probseg.nii.gz",
                "sub-test1/ses-baseline/dwi/sub-test1_ses-baseline_space-DWI_label-include_desc-pft_probseg.json",
                "sub-test1/ses-baseline/dwi/sub-test1_ses-baseline_space-DWI_label-include_desc-pft_probseg.nii.gz",
                "sub-test1/ses-baseline/dwi/sub-test1_ses-baseline_space-DWI_label-seeding_desc-local_mask.json",
                "sub-test1/ses-baseline/dwi/sub-test1_ses-baseline_space-DWI_label-seeding_desc-local_mask.nii.gz",
                "sub-test1/ses-baseline/dwi/sub-test1_ses-baseline_space-DWI_label-seeding_desc-pft_mask.json",
                "sub-test1/ses-baseline/dwi/sub-test1_ses-baseline_space-DWI_label-seeding_desc-pft_mask.nii.gz",
                "sub-test1/ses-baseline/dwi/sub-test1_ses-baseline_space-DWI_label-tracking_desc-local_mask.json",
                "sub-test1/ses-baseline/dwi/sub-test1_ses-baseline_space-DWI_label-tracking_desc-local_mask.nii.gz",
                "sub-test1/ses-baseline/dwi/sub-test1_ses-baseline_tract-wholebrain_track-pft_tractogram.trk",
                "sub-test1/ses-baseline/dwi/sub-test1_ses-baseline_tract-wholebrain_track-sdstream_desc-ensemble_tractogram.trk",
                "sub-test1/ses-baseline/dwi/sub-test1_ses-baseline_tract-wholebrain_track-sdstream_tractogram.trk",
                "sub-test1/ses-baseline/figures",
                "sub-test1/ses-baseline/figures/sub-test1__coverage_overlay_mqc.png",
                "sub-test1/ses-baseline/figures/sub-test1_ses-baseline_gradients_mqc.png",
                "sub-test1/ses-baseline/figures/sub-test1_ses-baseline_metrics_mqc.png",
                "sub-test1/ses-baseline/figures/sub-test1_ses-baseline_tissue_segmentation_mqc.png",
                "sub-test1/ses-baseline/multiqc",
                "sub-test1/ses-baseline/multiqc/sub-test1_multiqc_data",
                "sub-test1/ses-baseline/multiqc/sub-test1_multiqc_plots",
                "sub-test1/ses-baseline/multiqc/sub-test1_multiqc_report.html",
                "sub-test1/ses-baseline/xfm",
                "sub-test1/ses-baseline/xfm/sub-test1_ses-baseline_from-T1w_to-T2w_mode-image_desc-affine_xfm.mat",
                "sub-test1/ses-baseline/xfm/sub-test1_ses-baseline_from-T2w_to-T1w_mode-image_desc-affine_xfm.mat",
                "sub-test1/ses-baseline/xfm/sub-test1_ses-baseline_from-T2w_to-dwi_mode-image_desc-affine_xfm.mat",
                "sub-test1/ses-baseline/xfm/sub-test1_ses-baseline_from-T2w_to-dwi_mode-image_desc-warp_xfm.nii.gz",
                "sub-test1/ses-baseline/xfm/sub-test1_ses-baseline_from-dwi_to-T2w_mode-image_desc-warp_xfm.nii.gz",
                "sub-test1/ses-time1",
                "sub-test1/ses-time1/anat",
                "sub-test1/ses-time1/anat/sub-test1_ses-time1_space-DWI_desc-preproc_T1w.json",
                "sub-test1/ses-time1/anat/sub-test1_ses-time1_space-DWI_desc-preproc_T1w.nii.gz",
                "sub-test1/ses-time1/anat/sub-test1_ses-time1_space-DWI_label-CSF_desc-fastseg_mask.json",
                "sub-test1/ses-time1/anat/sub-test1_ses-time1_space-DWI_label-CSF_desc-fastseg_mask.nii.gz",
                "sub-test1/ses-time1/anat/sub-test1_ses-time1_space-DWI_label-CSF_desc-fastseg_probseg.json",
                "sub-test1/ses-time1/anat/sub-test1_ses-time1_space-DWI_label-CSF_desc-fastseg_probseg.nii.gz",
                "sub-test1/ses-time1/anat/sub-test1_ses-time1_space-DWI_label-GM_desc-fastseg_mask.json",
                "sub-test1/ses-time1/anat/sub-test1_ses-time1_space-DWI_label-GM_desc-fastseg_mask.nii.gz",
                "sub-test1/ses-time1/anat/sub-test1_ses-time1_space-DWI_label-GM_desc-fastseg_probseg.json",
                "sub-test1/ses-time1/anat/sub-test1_ses-time1_space-DWI_label-GM_desc-fastseg_probseg.nii.gz",
                "sub-test1/ses-time1/anat/sub-test1_ses-time1_space-DWI_label-WM_desc-fastseg_mask.json",
                "sub-test1/ses-time1/anat/sub-test1_ses-time1_space-DWI_label-WM_desc-fastseg_mask.nii.gz",
                "sub-test1/ses-time1/anat/sub-test1_ses-time1_space-DWI_label-WM_desc-fastseg_probseg.json",
                "sub-test1/ses-time1/anat/sub-test1_ses-time1_space-DWI_label-WM_desc-fastseg_probseg.nii.gz",
                "sub-test1/ses-time1/anat/sub-test1_ses-time1_space-T1w_desc-brain_mask.json",
                "sub-test1/ses-time1/anat/sub-test1_ses-time1_space-T1w_desc-brain_mask.nii.gz",
                "sub-test1/ses-time1/anat/sub-test1_ses-time1_space-T1w_desc-preproc_T1w.json",
                "sub-test1/ses-time1/anat/sub-test1_ses-time1_space-T1w_desc-preproc_T1w.nii.gz",
                "sub-test1/ses-time1/anat/sub-test1_ses-time1_space-T1w_desc-preproc_T2w.json",
                "sub-test1/ses-time1/anat/sub-test1_ses-time1_space-T1w_desc-preproc_T2w.nii.gz",
                "sub-test1/ses-time1/anat/sub-test1_ses-time1_space-T2w_desc-brain_mask.json",
                "sub-test1/ses-time1/anat/sub-test1_ses-time1_space-T2w_desc-brain_mask.nii.gz",
                "sub-test1/ses-time1/anat/sub-test1_ses-time1_space-T2w_desc-preproc_T2w.json",
                "sub-test1/ses-time1/anat/sub-test1_ses-time1_space-T2w_desc-preproc_T2w.nii.gz",
                "sub-test1/ses-time1/dwi",
                "sub-test1/ses-time1/dwi/sub-test1_ses-time1_desc-brain_mask.json",
                "sub-test1/ses-time1/dwi/sub-test1_ses-time1_desc-brain_mask.nii.gz",
                "sub-test1/ses-time1/dwi/sub-test1_ses-time1_desc-preproc_b0.json",
                "sub-test1/ses-time1/dwi/sub-test1_ses-time1_desc-preproc_b0.nii.gz",
                "sub-test1/ses-time1/dwi/sub-test1_ses-time1_desc-preproc_dwi.bval",
                "sub-test1/ses-time1/dwi/sub-test1_ses-time1_desc-preproc_dwi.bvec",
                "sub-test1/ses-time1/dwi/sub-test1_ses-time1_desc-preproc_dwi.json",
                "sub-test1/ses-time1/dwi/sub-test1_ses-time1_desc-preproc_dwi.nii.gz",
                "sub-test1/ses-time1/dwi/sub-test1_ses-time1_frf.txt",
                "sub-test1/ses-time1/dwi/sub-test1_ses-time1_model-csd_param-afdmax_dwimap.json",
                "sub-test1/ses-time1/dwi/sub-test1_ses-time1_model-csd_param-afdmax_dwimap.nii.gz",
                "sub-test1/ses-time1/dwi/sub-test1_ses-time1_model-csd_param-afdsum_dwimap.json",
                "sub-test1/ses-time1/dwi/sub-test1_ses-time1_model-csd_param-afdsum_dwimap.nii.gz",
                "sub-test1/ses-time1/dwi/sub-test1_ses-time1_model-csd_param-afdtotal_dwimap.json",
                "sub-test1/ses-time1/dwi/sub-test1_ses-time1_model-csd_param-afdtotal_dwimap.nii.gz",
                "sub-test1/ses-time1/dwi/sub-test1_ses-time1_model-csd_param-csfsh_dwimap.nii.gz",
                "sub-test1/ses-time1/dwi/sub-test1_ses-time1_model-csd_param-gmsh_dwimap.nii.gz",
                "sub-test1/ses-time1/dwi/sub-test1_ses-time1_model-csd_param-nufo_dwimap.json",
                "sub-test1/ses-time1/dwi/sub-test1_ses-time1_model-csd_param-nufo_dwimap.nii.gz",
                "sub-test1/ses-time1/dwi/sub-test1_ses-time1_model-csd_param-peaks_dwimap.json",
                "sub-test1/ses-time1/dwi/sub-test1_ses-time1_model-csd_param-peaks_dwimap.nii.gz",
                "sub-test1/ses-time1/dwi/sub-test1_ses-time1_model-csd_param-sh_dwimap.json",
                "sub-test1/ses-time1/dwi/sub-test1_ses-time1_model-csd_param-sh_dwimap.nii.gz",
                "sub-test1/ses-time1/dwi/sub-test1_ses-time1_model-csd_param-wmsh_dwimap.nii.gz",
                "sub-test1/ses-time1/dwi/sub-test1_ses-time1_model-tensor_param-ad_dwimap.json",
                "sub-test1/ses-time1/dwi/sub-test1_ses-time1_model-tensor_param-ad_dwimap.nii.gz",
                "sub-test1/ses-time1/dwi/sub-test1_ses-time1_model-tensor_param-diffusivity_dwimap.json",
                "sub-test1/ses-time1/dwi/sub-test1_ses-time1_model-tensor_param-diffusivity_dwimap.nii.gz",
                "sub-test1/ses-time1/dwi/sub-test1_ses-time1_model-tensor_param-fa_dwimap.json",
                "sub-test1/ses-time1/dwi/sub-test1_ses-time1_model-tensor_param-fa_dwimap.nii.gz",
                "sub-test1/ses-time1/dwi/sub-test1_ses-time1_model-tensor_param-ga_dwimap.json",
                "sub-test1/ses-time1/dwi/sub-test1_ses-time1_model-tensor_param-ga_dwimap.nii.gz",
                "sub-test1/ses-time1/dwi/sub-test1_ses-time1_model-tensor_param-md_dwimap.json",
                "sub-test1/ses-time1/dwi/sub-test1_ses-time1_model-tensor_param-md_dwimap.nii.gz",
                "sub-test1/ses-time1/dwi/sub-test1_ses-time1_model-tensor_param-mode_dwimap.json",
                "sub-test1/ses-time1/dwi/sub-test1_ses-time1_model-tensor_param-mode_dwimap.nii.gz",
                "sub-test1/ses-time1/dwi/sub-test1_ses-time1_model-tensor_param-rd_dwimap.json",
                "sub-test1/ses-time1/dwi/sub-test1_ses-time1_model-tensor_param-rd_dwimap.nii.gz",
                "sub-test1/ses-time1/dwi/sub-test1_ses-time1_model-tensor_param-rgb_dwimap.json",
                "sub-test1/ses-time1/dwi/sub-test1_ses-time1_model-tensor_param-rgb_dwimap.nii.gz",
                "sub-test1/ses-time1/dwi/sub-test1_ses-time1_space-DWI_label-exclude_desc-pft_probseg.json",
                "sub-test1/ses-time1/dwi/sub-test1_ses-time1_space-DWI_label-exclude_desc-pft_probseg.nii.gz",
                "sub-test1/ses-time1/dwi/sub-test1_ses-time1_space-DWI_label-include_desc-pft_probseg.json",
                "sub-test1/ses-time1/dwi/sub-test1_ses-time1_space-DWI_label-include_desc-pft_probseg.nii.gz",
                "sub-test1/ses-time1/dwi/sub-test1_ses-time1_space-DWI_label-seeding_desc-local_mask.json",
                "sub-test1/ses-time1/dwi/sub-test1_ses-time1_space-DWI_label-seeding_desc-local_mask.nii.gz",
                "sub-test1/ses-time1/dwi/sub-test1_ses-time1_space-DWI_label-seeding_desc-pft_mask.json",
                "sub-test1/ses-time1/dwi/sub-test1_ses-time1_space-DWI_label-seeding_desc-pft_mask.nii.gz",
                "sub-test1/ses-time1/dwi/sub-test1_ses-time1_space-DWI_label-tracking_desc-local_mask.json",
                "sub-test1/ses-time1/dwi/sub-test1_ses-time1_space-DWI_label-tracking_desc-local_mask.nii.gz",
                "sub-test1/ses-time1/dwi/sub-test1_ses-time1_tract-wholebrain_track-pft_tractogram.trk",
                "sub-test1/ses-time1/dwi/sub-test1_ses-time1_tract-wholebrain_track-sdstream_desc-ensemble_tractogram.trk",
                "sub-test1/ses-time1/dwi/sub-test1_ses-time1_tract-wholebrain_track-sdstream_tractogram.trk",
                "sub-test1/ses-time1/figures",
                "sub-test1/ses-time1/figures/sub-test1__coverage_overlay_mqc.png",
                "sub-test1/ses-time1/figures/sub-test1_ses-time1_gradients_mqc.png",
                "sub-test1/ses-time1/figures/sub-test1_ses-time1_metrics_mqc.png",
                "sub-test1/ses-time1/figures/sub-test1_ses-time1_tissue_segmentation_mqc.png",
                "sub-test1/ses-time1/multiqc",
                "sub-test1/ses-time1/multiqc/sub-test1_multiqc_data",
                "sub-test1/ses-time1/multiqc/sub-test1_multiqc_plots",
                "sub-test1/ses-time1/multiqc/sub-test1_multiqc_report.html",
                "sub-test1/ses-time1/xfm",
                "sub-test1/ses-time1/xfm/sub-test1_ses-time1_from-T1w_to-T2w_mode-image_desc-affine_xfm.mat",
                "sub-test1/ses-time1/xfm/sub-test1_ses-time1_from-T1w_to-dwi_mode-image_desc-affine_xfm.mat",
                "sub-test1/ses-time1/xfm/sub-test1_ses-time1_from-T1w_to-dwi_mode-image_desc-warp_xfm.nii.gz",
                "sub-test1/ses-time1/xfm/sub-test1_ses-time1_from-T2w_to-T1w_mode-image_desc-affine_xfm.mat",
                "sub-test1/ses-time1/xfm/sub-test1_ses-time1_from-dwi_to-T1w_mode-image_desc-warp_xfm.nii.gz",
                "sub-test2",
                "sub-test2/anat",
                "sub-test2/anat/sub-test2_space-DWI_desc-preproc_T2w.json",
                "sub-test2/anat/sub-test2_space-DWI_desc-preproc_T2w.nii.gz",
                "sub-test2/anat/sub-test2_space-DWI_label-CSF_mask.json",
                "sub-test2/anat/sub-test2_space-DWI_label-CSF_mask.nii.gz",
                "sub-test2/anat/sub-test2_space-DWI_label-CSF_probseg.json",
                "sub-test2/anat/sub-test2_space-DWI_label-CSF_probseg.nii.gz",
                "sub-test2/anat/sub-test2_space-DWI_label-GM_mask.json",
                "sub-test2/anat/sub-test2_space-DWI_label-GM_mask.nii.gz",
                "sub-test2/anat/sub-test2_space-DWI_label-GM_probseg.json",
                "sub-test2/anat/sub-test2_space-DWI_label-GM_probseg.nii.gz",
                "sub-test2/anat/sub-test2_space-DWI_label-WM_mask.json",
                "sub-test2/anat/sub-test2_space-DWI_label-WM_mask.nii.gz",
                "sub-test2/anat/sub-test2_space-DWI_label-WM_probseg.json",
                "sub-test2/anat/sub-test2_space-DWI_label-WM_probseg.nii.gz",
                "sub-test2/anat/sub-test2_space-T2w_desc-brain_mask.json",
                "sub-test2/anat/sub-test2_space-T2w_desc-brain_mask.nii.gz",
                "sub-test2/anat/sub-test2_space-T2w_desc-preproc_T2w.json",
                "sub-test2/anat/sub-test2_space-T2w_desc-preproc_T2w.nii.gz",
                "sub-test2/dwi",
                "sub-test2/dwi/sub-test2_desc-brain_mask.json",
                "sub-test2/dwi/sub-test2_desc-brain_mask.nii.gz",
                "sub-test2/dwi/sub-test2_desc-preproc_b0.json",
                "sub-test2/dwi/sub-test2_desc-preproc_b0.nii.gz",
                "sub-test2/dwi/sub-test2_desc-preproc_dwi.bval",
                "sub-test2/dwi/sub-test2_desc-preproc_dwi.bvec",
                "sub-test2/dwi/sub-test2_desc-preproc_dwi.json",
                "sub-test2/dwi/sub-test2_desc-preproc_dwi.nii.gz",
                "sub-test2/dwi/sub-test2_frf.txt",
                "sub-test2/dwi/sub-test2_model-csd_param-afdmax_dwimap.json",
                "sub-test2/dwi/sub-test2_model-csd_param-afdmax_dwimap.nii.gz",
                "sub-test2/dwi/sub-test2_model-csd_param-afdsum_dwimap.json",
                "sub-test2/dwi/sub-test2_model-csd_param-afdsum_dwimap.nii.gz",
                "sub-test2/dwi/sub-test2_model-csd_param-afdtotal_dwimap.json",
                "sub-test2/dwi/sub-test2_model-csd_param-afdtotal_dwimap.nii.gz",
                "sub-test2/dwi/sub-test2_model-csd_param-csfsh_dwimap.nii.gz",
                "sub-test2/dwi/sub-test2_model-csd_param-gmsh_dwimap.nii.gz",
                "sub-test2/dwi/sub-test2_model-csd_param-nufo_dwimap.json",
                "sub-test2/dwi/sub-test2_model-csd_param-nufo_dwimap.nii.gz",
                "sub-test2/dwi/sub-test2_model-csd_param-peaks_dwimap.json",
                "sub-test2/dwi/sub-test2_model-csd_param-peaks_dwimap.nii.gz",
                "sub-test2/dwi/sub-test2_model-csd_param-sh_dwimap.json",
                "sub-test2/dwi/sub-test2_model-csd_param-sh_dwimap.nii.gz",
                "sub-test2/dwi/sub-test2_model-csd_param-wmsh_dwimap.nii.gz",
                "sub-test2/dwi/sub-test2_model-tensor_param-ad_dwimap.json",
                "sub-test2/dwi/sub-test2_model-tensor_param-ad_dwimap.nii.gz",
                "sub-test2/dwi/sub-test2_model-tensor_param-diffusivity_dwimap.json",
                "sub-test2/dwi/sub-test2_model-tensor_param-diffusivity_dwimap.nii.gz",
                "sub-test2/dwi/sub-test2_model-tensor_param-fa_dwimap.json",
                "sub-test2/dwi/sub-test2_model-tensor_param-fa_dwimap.nii.gz",
                "sub-test2/dwi/sub-test2_model-tensor_param-ga_dwimap.json",
                "sub-test2/dwi/sub-test2_model-tensor_param-ga_dwimap.nii.gz",
                "sub-test2/dwi/sub-test2_model-tensor_param-md_dwimap.json",
                "sub-test2/dwi/sub-test2_model-tensor_param-md_dwimap.nii.gz",
                "sub-test2/dwi/sub-test2_model-tensor_param-mode_dwimap.json",
                "sub-test2/dwi/sub-test2_model-tensor_param-mode_dwimap.nii.gz",
                "sub-test2/dwi/sub-test2_model-tensor_param-rd_dwimap.json",
                "sub-test2/dwi/sub-test2_model-tensor_param-rd_dwimap.nii.gz",
                "sub-test2/dwi/sub-test2_model-tensor_param-rgb_dwimap.json",
                "sub-test2/dwi/sub-test2_model-tensor_param-rgb_dwimap.nii.gz",
                "sub-test2/dwi/sub-test2_space-DWI_label-exclude_desc-pft_probseg.json",
                "sub-test2/dwi/sub-test2_space-DWI_label-exclude_desc-pft_probseg.nii.gz",
                "sub-test2/dwi/sub-test2_space-DWI_label-include_desc-pft_probseg.json",
                "sub-test2/dwi/sub-test2_space-DWI_label-include_desc-pft_probseg.nii.gz",
                "sub-test2/dwi/sub-test2_space-DWI_label-seeding_desc-local_mask.json",
                "sub-test2/dwi/sub-test2_space-DWI_label-seeding_desc-local_mask.nii.gz",
                "sub-test2/dwi/sub-test2_space-DWI_label-seeding_desc-pft_mask.json",
                "sub-test2/dwi/sub-test2_space-DWI_label-seeding_desc-pft_mask.nii.gz",
                "sub-test2/dwi/sub-test2_space-DWI_label-tracking_desc-local_mask.json",
                "sub-test2/dwi/sub-test2_space-DWI_label-tracking_desc-local_mask.nii.gz",
                "sub-test2/dwi/sub-test2_tract-wholebrain_track-pft_tractogram.trk",
                "sub-test2/dwi/sub-test2_tract-wholebrain_track-sdstream_desc-ensemble_tractogram.trk",
                "sub-test2/dwi/sub-test2_tract-wholebrain_track-sdstream_tractogram.trk",
                "sub-test2/figures",
                "sub-test2/figures/sub-test2__coverage_overlay_mqc.png",
                "sub-test2/figures/sub-test2_gradients_mqc.png",
                "sub-test2/figures/sub-test2_metrics_mqc.png",
                "sub-test2/figures/sub-test2_tissue_segmentation_mqc.png",
                "sub-test2/multiqc",
                "sub-test2/multiqc/sub-test2_multiqc_data",
                "sub-test2/multiqc/sub-test2_multiqc_plots",
                "sub-test2/multiqc/sub-test2_multiqc_report.html",
                "sub-test2/xfm",
                "sub-test2/xfm/sub-test2_from-T2w_to-dwi_mode-image_desc-affine_xfm.mat",
                "sub-test2/xfm/sub-test2_from-T2w_to-dwi_mode-image_desc-warp_xfm.nii.gz",
                "sub-test2/xfm/sub-test2_from-dwi_to-T2w_mode-image_desc-warp_xfm.nii.gz",
                "sub-test3",
                "sub-test3/anat",
                "sub-test3/anat/sub-test3_space-DWI_desc-preproc_T2w.json",
                "sub-test3/anat/sub-test3_space-DWI_desc-preproc_T2w.nii.gz",
                "sub-test3/anat/sub-test3_space-DWI_label-CSF_mask.json",
                "sub-test3/anat/sub-test3_space-DWI_label-CSF_mask.nii.gz",
                "sub-test3/anat/sub-test3_space-DWI_label-CSF_probseg.json",
                "sub-test3/anat/sub-test3_space-DWI_label-CSF_probseg.nii.gz",
                "sub-test3/anat/sub-test3_space-DWI_label-GM_mask.json",
                "sub-test3/anat/sub-test3_space-DWI_label-GM_mask.nii.gz",
                "sub-test3/anat/sub-test3_space-DWI_label-GM_probseg.json",
                "sub-test3/anat/sub-test3_space-DWI_label-GM_probseg.nii.gz",
                "sub-test3/anat/sub-test3_space-DWI_label-WM_mask.json",
                "sub-test3/anat/sub-test3_space-DWI_label-WM_mask.nii.gz",
                "sub-test3/anat/sub-test3_space-DWI_label-WM_probseg.json",
                "sub-test3/anat/sub-test3_space-DWI_label-WM_probseg.nii.gz",
                "sub-test3/anat/sub-test3_space-T2w_desc-brain_mask.json",
                "sub-test3/anat/sub-test3_space-T2w_desc-brain_mask.nii.gz",
                "sub-test3/anat/sub-test3_space-T2w_desc-preproc_T2w.json",
                "sub-test3/anat/sub-test3_space-T2w_desc-preproc_T2w.nii.gz",
                "sub-test3/dwi",
                "sub-test3/dwi/sub-test3_desc-brain_mask.json",
                "sub-test3/dwi/sub-test3_desc-brain_mask.nii.gz",
                "sub-test3/dwi/sub-test3_desc-preproc_b0.json",
                "sub-test3/dwi/sub-test3_desc-preproc_b0.nii.gz",
                "sub-test3/dwi/sub-test3_desc-preproc_dwi.bval",
                "sub-test3/dwi/sub-test3_desc-preproc_dwi.bvec",
                "sub-test3/dwi/sub-test3_desc-preproc_dwi.json",
                "sub-test3/dwi/sub-test3_desc-preproc_dwi.nii.gz",
                "sub-test3/dwi/sub-test3_frf.txt",
                "sub-test3/dwi/sub-test3_model-csd_param-afdmax_dwimap.json",
                "sub-test3/dwi/sub-test3_model-csd_param-afdmax_dwimap.nii.gz",
                "sub-test3/dwi/sub-test3_model-csd_param-afdsum_dwimap.json",
                "sub-test3/dwi/sub-test3_model-csd_param-afdsum_dwimap.nii.gz",
                "sub-test3/dwi/sub-test3_model-csd_param-afdtotal_dwimap.json",
                "sub-test3/dwi/sub-test3_model-csd_param-afdtotal_dwimap.nii.gz",
                "sub-test3/dwi/sub-test3_model-csd_param-csfsh_dwimap.nii.gz",
                "sub-test3/dwi/sub-test3_model-csd_param-gmsh_dwimap.nii.gz",
                "sub-test3/dwi/sub-test3_model-csd_param-nufo_dwimap.json",
                "sub-test3/dwi/sub-test3_model-csd_param-nufo_dwimap.nii.gz",
                "sub-test3/dwi/sub-test3_model-csd_param-peaks_dwimap.json",
                "sub-test3/dwi/sub-test3_model-csd_param-peaks_dwimap.nii.gz",
                "sub-test3/dwi/sub-test3_model-csd_param-sh_dwimap.json",
                "sub-test3/dwi/sub-test3_model-csd_param-sh_dwimap.nii.gz",
                "sub-test3/dwi/sub-test3_model-csd_param-wmsh_dwimap.nii.gz",
                "sub-test3/dwi/sub-test3_model-tensor_param-ad_dwimap.json",
                "sub-test3/dwi/sub-test3_model-tensor_param-ad_dwimap.nii.gz",
                "sub-test3/dwi/sub-test3_model-tensor_param-diffusivity_dwimap.json",
                "sub-test3/dwi/sub-test3_model-tensor_param-diffusivity_dwimap.nii.gz",
                "sub-test3/dwi/sub-test3_model-tensor_param-fa_dwimap.json",
                "sub-test3/dwi/sub-test3_model-tensor_param-fa_dwimap.nii.gz",
                "sub-test3/dwi/sub-test3_model-tensor_param-ga_dwimap.json",
                "sub-test3/dwi/sub-test3_model-tensor_param-ga_dwimap.nii.gz",
                "sub-test3/dwi/sub-test3_model-tensor_param-md_dwimap.json",
                "sub-test3/dwi/sub-test3_model-tensor_param-md_dwimap.nii.gz",
                "sub-test3/dwi/sub-test3_model-tensor_param-mode_dwimap.json",
                "sub-test3/dwi/sub-test3_model-tensor_param-mode_dwimap.nii.gz",
                "sub-test3/dwi/sub-test3_model-tensor_param-rd_dwimap.json",
                "sub-test3/dwi/sub-test3_model-tensor_param-rd_dwimap.nii.gz",
                "sub-test3/dwi/sub-test3_model-tensor_param-rgb_dwimap.json",
                "sub-test3/dwi/sub-test3_model-tensor_param-rgb_dwimap.nii.gz",
                "sub-test3/dwi/sub-test3_space-DWI_label-exclude_desc-pft_probseg.json",
                "sub-test3/dwi/sub-test3_space-DWI_label-exclude_desc-pft_probseg.nii.gz",
                "sub-test3/dwi/sub-test3_space-DWI_label-include_desc-pft_probseg.json",
                "sub-test3/dwi/sub-test3_space-DWI_label-include_desc-pft_probseg.nii.gz",
                "sub-test3/dwi/sub-test3_space-DWI_label-seeding_desc-local_mask.json",
                "sub-test3/dwi/sub-test3_space-DWI_label-seeding_desc-local_mask.nii.gz",
                "sub-test3/dwi/sub-test3_space-DWI_label-seeding_desc-pft_mask.json",
                "sub-test3/dwi/sub-test3_space-DWI_label-seeding_desc-pft_mask.nii.gz",
                "sub-test3/dwi/sub-test3_space-DWI_label-tracking_desc-local_mask.json",
                "sub-test3/dwi/sub-test3_space-DWI_label-tracking_desc-local_mask.nii.gz",
                "sub-test3/dwi/sub-test3_tract-wholebrain_track-pft_tractogram.trk",
                "sub-test3/dwi/sub-test3_tract-wholebrain_track-sdstream_desc-ensemble_tractogram.trk",
                "sub-test3/dwi/sub-test3_tract-wholebrain_track-sdstream_tractogram.trk",
                "sub-test3/figures",
                "sub-test3/figures/sub-test3__coverage_overlay_mqc.png",
                "sub-test3/figures/sub-test3_gradients_mqc.png",
                "sub-test3/figures/sub-test3_metrics_mqc.png",
                "sub-test3/figures/sub-test3_tissue_segmentation_mqc.png",
                "sub-test3/multiqc",
                "sub-test3/multiqc/sub-test3_multiqc_data",
                "sub-test3/multiqc/sub-test3_multiqc_plots",
                "sub-test3/multiqc/sub-test3_multiqc_report.html",
                "sub-test3/xfm",
                "sub-test3/xfm/sub-test3_from-T2w_to-dwi_mode-image_desc-affine_xfm.mat",
                "sub-test3/xfm/sub-test3_from-T2w_to-dwi_mode-image_desc-warp_xfm.nii.gz",
                "sub-test3/xfm/sub-test3_from-dwi_to-T2w_mode-image_desc-warp_xfm.nii.gz",
                "sub-test4",
                "sub-test4/anat",
                "sub-test4/anat/sub-test4_space-DWI_desc-preproc_T1w.json",
                "sub-test4/anat/sub-test4_space-DWI_desc-preproc_T1w.nii.gz",
                "sub-test4/anat/sub-test4_space-DWI_label-CSF_desc-fastseg_mask.json",
                "sub-test4/anat/sub-test4_space-DWI_label-CSF_desc-fastseg_mask.nii.gz",
                "sub-test4/anat/sub-test4_space-DWI_label-CSF_desc-fastseg_probseg.json",
                "sub-test4/anat/sub-test4_space-DWI_label-CSF_desc-fastseg_probseg.nii.gz",
                "sub-test4/anat/sub-test4_space-DWI_label-GM_desc-fastseg_mask.json",
                "sub-test4/anat/sub-test4_space-DWI_label-GM_desc-fastseg_mask.nii.gz",
                "sub-test4/anat/sub-test4_space-DWI_label-GM_desc-fastseg_probseg.json",
                "sub-test4/anat/sub-test4_space-DWI_label-GM_desc-fastseg_probseg.nii.gz",
                "sub-test4/anat/sub-test4_space-DWI_label-WM_desc-fastseg_mask.json",
                "sub-test4/anat/sub-test4_space-DWI_label-WM_desc-fastseg_mask.nii.gz",
                "sub-test4/anat/sub-test4_space-DWI_label-WM_desc-fastseg_probseg.json",
                "sub-test4/anat/sub-test4_space-DWI_label-WM_desc-fastseg_probseg.nii.gz",
                "sub-test4/anat/sub-test4_space-T1w_desc-brain_mask.json",
                "sub-test4/anat/sub-test4_space-T1w_desc-brain_mask.nii.gz",
                "sub-test4/anat/sub-test4_space-T1w_desc-preproc_T1w.json",
                "sub-test4/anat/sub-test4_space-T1w_desc-preproc_T1w.nii.gz",
                "sub-test4/dwi",
                "sub-test4/dwi/sub-test4_desc-brain_mask.json",
                "sub-test4/dwi/sub-test4_desc-brain_mask.nii.gz",
                "sub-test4/dwi/sub-test4_desc-preproc_b0.json",
                "sub-test4/dwi/sub-test4_desc-preproc_b0.nii.gz",
                "sub-test4/dwi/sub-test4_desc-preproc_dwi.bval",
                "sub-test4/dwi/sub-test4_desc-preproc_dwi.bvec",
                "sub-test4/dwi/sub-test4_desc-preproc_dwi.json",
                "sub-test4/dwi/sub-test4_desc-preproc_dwi.nii.gz",
                "sub-test4/dwi/sub-test4_frf.txt",
                "sub-test4/dwi/sub-test4_model-csd_param-afdmax_dwimap.json",
                "sub-test4/dwi/sub-test4_model-csd_param-afdmax_dwimap.nii.gz",
                "sub-test4/dwi/sub-test4_model-csd_param-afdsum_dwimap.json",
                "sub-test4/dwi/sub-test4_model-csd_param-afdsum_dwimap.nii.gz",
                "sub-test4/dwi/sub-test4_model-csd_param-afdtotal_dwimap.json",
                "sub-test4/dwi/sub-test4_model-csd_param-afdtotal_dwimap.nii.gz",
                "sub-test4/dwi/sub-test4_model-csd_param-csfsh_dwimap.nii.gz",
                "sub-test4/dwi/sub-test4_model-csd_param-gmsh_dwimap.nii.gz",
                "sub-test4/dwi/sub-test4_model-csd_param-nufo_dwimap.json",
                "sub-test4/dwi/sub-test4_model-csd_param-nufo_dwimap.nii.gz",
                "sub-test4/dwi/sub-test4_model-csd_param-peaks_dwimap.json",
                "sub-test4/dwi/sub-test4_model-csd_param-peaks_dwimap.nii.gz",
                "sub-test4/dwi/sub-test4_model-csd_param-sh_dwimap.json",
                "sub-test4/dwi/sub-test4_model-csd_param-sh_dwimap.nii.gz",
                "sub-test4/dwi/sub-test4_model-csd_param-wmsh_dwimap.nii.gz",
                "sub-test4/dwi/sub-test4_model-tensor_param-ad_dwimap.json",
                "sub-test4/dwi/sub-test4_model-tensor_param-ad_dwimap.nii.gz",
                "sub-test4/dwi/sub-test4_model-tensor_param-diffusivity_dwimap.json",
                "sub-test4/dwi/sub-test4_model-tensor_param-diffusivity_dwimap.nii.gz",
                "sub-test4/dwi/sub-test4_model-tensor_param-fa_dwimap.json",
                "sub-test4/dwi/sub-test4_model-tensor_param-fa_dwimap.nii.gz",
                "sub-test4/dwi/sub-test4_model-tensor_param-ga_dwimap.json",
                "sub-test4/dwi/sub-test4_model-tensor_param-ga_dwimap.nii.gz",
                "sub-test4/dwi/sub-test4_model-tensor_param-md_dwimap.json",
                "sub-test4/dwi/sub-test4_model-tensor_param-md_dwimap.nii.gz",
                "sub-test4/dwi/sub-test4_model-tensor_param-mode_dwimap.json",
                "sub-test4/dwi/sub-test4_model-tensor_param-mode_dwimap.nii.gz",
                "sub-test4/dwi/sub-test4_model-tensor_param-rd_dwimap.json",
                "sub-test4/dwi/sub-test4_model-tensor_param-rd_dwimap.nii.gz",
                "sub-test4/dwi/sub-test4_model-tensor_param-rgb_dwimap.json",
                "sub-test4/dwi/sub-test4_model-tensor_param-rgb_dwimap.nii.gz",
                "sub-test4/dwi/sub-test4_space-DWI_label-exclude_desc-pft_probseg.json",
                "sub-test4/dwi/sub-test4_space-DWI_label-exclude_desc-pft_probseg.nii.gz",
                "sub-test4/dwi/sub-test4_space-DWI_label-include_desc-pft_probseg.json",
                "sub-test4/dwi/sub-test4_space-DWI_label-include_desc-pft_probseg.nii.gz",
                "sub-test4/dwi/sub-test4_space-DWI_label-seeding_desc-local_mask.json",
                "sub-test4/dwi/sub-test4_space-DWI_label-seeding_desc-local_mask.nii.gz",
                "sub-test4/dwi/sub-test4_space-DWI_label-seeding_desc-pft_mask.json",
                "sub-test4/dwi/sub-test4_space-DWI_label-seeding_desc-pft_mask.nii.gz",
                "sub-test4/dwi/sub-test4_space-DWI_label-tracking_desc-local_mask.json",
                "sub-test4/dwi/sub-test4_space-DWI_label-tracking_desc-local_mask.nii.gz",
                "sub-test4/dwi/sub-test4_tract-wholebrain_track-pft_tractogram.trk",
                "sub-test4/dwi/sub-test4_tract-wholebrain_track-sdstream_desc-ensemble_tractogram.trk",
                "sub-test4/dwi/sub-test4_tract-wholebrain_track-sdstream_tractogram.trk",
                "sub-test4/figures",
                "sub-test4/figures/sub-test4__coverage_overlay_mqc.png",
                "sub-test4/figures/sub-test4_gradients_mqc.png",
                "sub-test4/figures/sub-test4_metrics_mqc.png",
                "sub-test4/figures/sub-test4_tissue_segmentation_mqc.png",
                "sub-test4/multiqc",
                "sub-test4/multiqc/sub-test4_multiqc_data",
                "sub-test4/multiqc/sub-test4_multiqc_plots",
                "sub-test4/multiqc/sub-test4_multiqc_report.html",
                "sub-test4/xfm",
                "sub-test4/xfm/sub-test4_from-T1w_to-dwi_mode-image_desc-affine_xfm.mat",
                "sub-test4/xfm/sub-test4_from-T1w_to-dwi_mode-image_desc-warp_xfm.nii.gz",
                "sub-test4/xfm/sub-test4_from-dwi_to-T1w_mode-image_desc-warp_xfm.nii.gz"
            ]
        ],
        "meta": {
            "nf-test": "0.9.3",
            "nextflow": "25.04.8"
        },
        "timestamp": "2025-12-18T13:58:46.81929"
    },
    "Tracking profile no dwi preprocessing - should run successfully": {
        "content": [
            152,
            {
                "ANATTODWI": {
                    "ants": "2.4.3",
                    "mrtrix": "3.0.4",
                    "imagemagick": "6.9.11"
                },
                "BETCROP_FSLBETCROP": {
                    "scilpy": "2.0.2",
                    "mrtrix": "3.0.4",
                    "fsl": 6.0
                },
                "COREG": {
                    "ants": "2.4.3",
                    "mrtrix": "3.0.4",
                    "imagemagick": null
                },
                "CROPB0": {
                    "scilpy": "2.0.2"
                },
                "DENOISING_NLMEANS": {
                    "scilpy": "2.0.2"
                },
                "EXTRACTB0_RESAMPLE": {
                    "scilpy": "2.0.2",
                    "mrtrix": "3.0.4"
                },
                "FASTSEG": {
                    "scilpy": "2.0.0",
                    "fsl": 6.0
                },
                "NORMALIZE_DWI": {
                    "scilpy": "2.0.2",
                    "mrtrix": "3.0.4"
                },
                "RECONST_DTIMETRICS": {
                    "scilpy": "2.1.0",
                    "mrtrix": "3.0.4"
                },
                "RECONST_FODF": {
                    "scilpy": "2.2.0"
                },
                "RECONST_FRF": {
                    "scilpy": "2.1.0"
                },
                "RESAMPLE_DWI": {
                    "scilpy": "2.2.0"
                },
                "RESAMPLE_MASK": {
                    "scilpy": "2.2.0"
                },
                "TEMPLATETODWI": {
                    "ants": "2.4.3",
                    "mrtrix": "3.0.4",
                    "imagemagick": "6.9.11"
                },
                "TRACKINGMASKS": {
                    "mrtrix": "3.0.4"
                },
                "TRACKING_LOCALTRACKING": {
                    "scilpy": "2.0.2"
                },
                "TRACKING_PFTTRACKING": {
                    "scilpy": "2.0.2"
                },
                "TRACTOGRAM_MATH": {
                    "scilpy": "2.2.0"
                },
                "UTILS_EXTRACTB0": {
                    "scilpy": "2.0.2",
                    "mrtrix": "3.0.4"
                },
                "WARPPROBSEG": {
                    "ants": "2.4.3",
                    "mrtrix": "3.0.4",
                    "imagemagick": null
                },
                "Workflow": {
                    "scilus/sf-pediatric": "v0.1.0"
                }
            },
            [
                "dataset_description.json",
                "multiqc",
                "multiqc/global_multiqc_data",
                "multiqc/global_multiqc_plots",
                "multiqc/global_multiqc_report.html",
                "participants.tsv",
                "pipeline_info",
                "pipeline_info/sf-pediatric_software_mqc_versions.yml",
                "sub-test1",
                "sub-test1/ses-baseline",
                "sub-test1/ses-baseline/anat",
                "sub-test1/ses-baseline/anat/sub-test1_ses-baseline_space-DWI_desc-preproc_T2w.json",
                "sub-test1/ses-baseline/anat/sub-test1_ses-baseline_space-DWI_desc-preproc_T2w.nii.gz",
                "sub-test1/ses-baseline/anat/sub-test1_ses-baseline_space-DWI_label-CSF_mask.json",
                "sub-test1/ses-baseline/anat/sub-test1_ses-baseline_space-DWI_label-CSF_mask.nii.gz",
                "sub-test1/ses-baseline/anat/sub-test1_ses-baseline_space-DWI_label-CSF_probseg.json",
                "sub-test1/ses-baseline/anat/sub-test1_ses-baseline_space-DWI_label-CSF_probseg.nii.gz",
                "sub-test1/ses-baseline/anat/sub-test1_ses-baseline_space-DWI_label-GM_mask.json",
                "sub-test1/ses-baseline/anat/sub-test1_ses-baseline_space-DWI_label-GM_mask.nii.gz",
                "sub-test1/ses-baseline/anat/sub-test1_ses-baseline_space-DWI_label-GM_probseg.json",
                "sub-test1/ses-baseline/anat/sub-test1_ses-baseline_space-DWI_label-GM_probseg.nii.gz",
                "sub-test1/ses-baseline/anat/sub-test1_ses-baseline_space-DWI_label-WM_mask.json",
                "sub-test1/ses-baseline/anat/sub-test1_ses-baseline_space-DWI_label-WM_mask.nii.gz",
                "sub-test1/ses-baseline/anat/sub-test1_ses-baseline_space-DWI_label-WM_probseg.json",
                "sub-test1/ses-baseline/anat/sub-test1_ses-baseline_space-DWI_label-WM_probseg.nii.gz",
                "sub-test1/ses-baseline/anat/sub-test1_ses-baseline_space-T1w_desc-brain_mask.json",
                "sub-test1/ses-baseline/anat/sub-test1_ses-baseline_space-T1w_desc-brain_mask.nii.gz",
                "sub-test1/ses-baseline/anat/sub-test1_ses-baseline_space-T1w_desc-preproc_T1w.json",
                "sub-test1/ses-baseline/anat/sub-test1_ses-baseline_space-T1w_desc-preproc_T1w.nii.gz",
                "sub-test1/ses-baseline/anat/sub-test1_ses-baseline_space-T2w_desc-brain_mask.json",
                "sub-test1/ses-baseline/anat/sub-test1_ses-baseline_space-T2w_desc-brain_mask.nii.gz",
                "sub-test1/ses-baseline/anat/sub-test1_ses-baseline_space-T2w_desc-preproc_T1w.json",
                "sub-test1/ses-baseline/anat/sub-test1_ses-baseline_space-T2w_desc-preproc_T1w.nii.gz",
                "sub-test1/ses-baseline/anat/sub-test1_ses-baseline_space-T2w_desc-preproc_T2w.json",
                "sub-test1/ses-baseline/anat/sub-test1_ses-baseline_space-T2w_desc-preproc_T2w.nii.gz",
                "sub-test1/ses-baseline/dwi",
                "sub-test1/ses-baseline/dwi/sub-test1_ses-baseline_desc-brain_mask.json",
                "sub-test1/ses-baseline/dwi/sub-test1_ses-baseline_desc-brain_mask.nii.gz",
                "sub-test1/ses-baseline/dwi/sub-test1_ses-baseline_desc-preproc_b0.json",
                "sub-test1/ses-baseline/dwi/sub-test1_ses-baseline_desc-preproc_b0.nii.gz",
                "sub-test1/ses-baseline/dwi/sub-test1_ses-baseline_desc-preproc_dwi.bval",
                "sub-test1/ses-baseline/dwi/sub-test1_ses-baseline_desc-preproc_dwi.bvec",
                "sub-test1/ses-baseline/dwi/sub-test1_ses-baseline_desc-preproc_dwi.json",
                "sub-test1/ses-baseline/dwi/sub-test1_ses-baseline_desc-preproc_dwi.nii.gz",
                "sub-test1/ses-baseline/dwi/sub-test1_ses-baseline_frf.txt",
                "sub-test1/ses-baseline/dwi/sub-test1_ses-baseline_model-csd_param-afdmax_dwimap.json",
                "sub-test1/ses-baseline/dwi/sub-test1_ses-baseline_model-csd_param-afdmax_dwimap.nii.gz",
                "sub-test1/ses-baseline/dwi/sub-test1_ses-baseline_model-csd_param-afdsum_dwimap.json",
                "sub-test1/ses-baseline/dwi/sub-test1_ses-baseline_model-csd_param-afdsum_dwimap.nii.gz",
                "sub-test1/ses-baseline/dwi/sub-test1_ses-baseline_model-csd_param-afdtotal_dwimap.json",
                "sub-test1/ses-baseline/dwi/sub-test1_ses-baseline_model-csd_param-afdtotal_dwimap.nii.gz",
                "sub-test1/ses-baseline/dwi/sub-test1_ses-baseline_model-csd_param-csfsh_dwimap.nii.gz",
                "sub-test1/ses-baseline/dwi/sub-test1_ses-baseline_model-csd_param-gmsh_dwimap.nii.gz",
                "sub-test1/ses-baseline/dwi/sub-test1_ses-baseline_model-csd_param-nufo_dwimap.json",
                "sub-test1/ses-baseline/dwi/sub-test1_ses-baseline_model-csd_param-nufo_dwimap.nii.gz",
                "sub-test1/ses-baseline/dwi/sub-test1_ses-baseline_model-csd_param-peaks_dwimap.json",
                "sub-test1/ses-baseline/dwi/sub-test1_ses-baseline_model-csd_param-peaks_dwimap.nii.gz",
                "sub-test1/ses-baseline/dwi/sub-test1_ses-baseline_model-csd_param-sh_dwimap.json",
                "sub-test1/ses-baseline/dwi/sub-test1_ses-baseline_model-csd_param-sh_dwimap.nii.gz",
                "sub-test1/ses-baseline/dwi/sub-test1_ses-baseline_model-csd_param-wmsh_dwimap.nii.gz",
                "sub-test1/ses-baseline/dwi/sub-test1_ses-baseline_model-tensor_param-ad_dwimap.json",
                "sub-test1/ses-baseline/dwi/sub-test1_ses-baseline_model-tensor_param-ad_dwimap.nii.gz",
                "sub-test1/ses-baseline/dwi/sub-test1_ses-baseline_model-tensor_param-diffusivity_dwimap.json",
                "sub-test1/ses-baseline/dwi/sub-test1_ses-baseline_model-tensor_param-diffusivity_dwimap.nii.gz",
                "sub-test1/ses-baseline/dwi/sub-test1_ses-baseline_model-tensor_param-fa_dwimap.json",
                "sub-test1/ses-baseline/dwi/sub-test1_ses-baseline_model-tensor_param-fa_dwimap.nii.gz",
                "sub-test1/ses-baseline/dwi/sub-test1_ses-baseline_model-tensor_param-ga_dwimap.json",
                "sub-test1/ses-baseline/dwi/sub-test1_ses-baseline_model-tensor_param-ga_dwimap.nii.gz",
                "sub-test1/ses-baseline/dwi/sub-test1_ses-baseline_model-tensor_param-md_dwimap.json",
                "sub-test1/ses-baseline/dwi/sub-test1_ses-baseline_model-tensor_param-md_dwimap.nii.gz",
                "sub-test1/ses-baseline/dwi/sub-test1_ses-baseline_model-tensor_param-mode_dwimap.json",
                "sub-test1/ses-baseline/dwi/sub-test1_ses-baseline_model-tensor_param-mode_dwimap.nii.gz",
                "sub-test1/ses-baseline/dwi/sub-test1_ses-baseline_model-tensor_param-rd_dwimap.json",
                "sub-test1/ses-baseline/dwi/sub-test1_ses-baseline_model-tensor_param-rd_dwimap.nii.gz",
                "sub-test1/ses-baseline/dwi/sub-test1_ses-baseline_model-tensor_param-rgb_dwimap.json",
                "sub-test1/ses-baseline/dwi/sub-test1_ses-baseline_model-tensor_param-rgb_dwimap.nii.gz",
                "sub-test1/ses-baseline/dwi/sub-test1_ses-baseline_space-DWI_label-exclude_desc-pft_probseg.json",
                "sub-test1/ses-baseline/dwi/sub-test1_ses-baseline_space-DWI_label-exclude_desc-pft_probseg.nii.gz",
                "sub-test1/ses-baseline/dwi/sub-test1_ses-baseline_space-DWI_label-include_desc-pft_probseg.json",
                "sub-test1/ses-baseline/dwi/sub-test1_ses-baseline_space-DWI_label-include_desc-pft_probseg.nii.gz",
                "sub-test1/ses-baseline/dwi/sub-test1_ses-baseline_space-DWI_label-seeding_desc-local_mask.json",
                "sub-test1/ses-baseline/dwi/sub-test1_ses-baseline_space-DWI_label-seeding_desc-local_mask.nii.gz",
                "sub-test1/ses-baseline/dwi/sub-test1_ses-baseline_space-DWI_label-seeding_desc-pft_mask.json",
                "sub-test1/ses-baseline/dwi/sub-test1_ses-baseline_space-DWI_label-seeding_desc-pft_mask.nii.gz",
                "sub-test1/ses-baseline/dwi/sub-test1_ses-baseline_space-DWI_label-tracking_desc-local_mask.json",
                "sub-test1/ses-baseline/dwi/sub-test1_ses-baseline_space-DWI_label-tracking_desc-local_mask.nii.gz",
                "sub-test1/ses-baseline/dwi/sub-test1_ses-baseline_tract-wholebrain_track-pft_tractogram.trk",
                "sub-test1/ses-baseline/dwi/sub-test1_ses-baseline_tract-wholebrain_track-sdstream_desc-ensemble_tractogram.trk",
                "sub-test1/ses-baseline/dwi/sub-test1_ses-baseline_tract-wholebrain_track-sdstream_tractogram.trk",
                "sub-test1/ses-baseline/figures",
                "sub-test1/ses-baseline/figures/sub-test1__coverage_overlay_mqc.png",
                "sub-test1/ses-baseline/figures/sub-test1_ses-baseline_gradients_mqc.png",
                "sub-test1/ses-baseline/figures/sub-test1_ses-baseline_metrics_mqc.png",
                "sub-test1/ses-baseline/figures/sub-test1_ses-baseline_tissue_segmentation_mqc.png",
                "sub-test1/ses-baseline/multiqc",
                "sub-test1/ses-baseline/multiqc/sub-test1_multiqc_data",
                "sub-test1/ses-baseline/multiqc/sub-test1_multiqc_plots",
                "sub-test1/ses-baseline/multiqc/sub-test1_multiqc_report.html",
                "sub-test1/ses-baseline/xfm",
                "sub-test1/ses-baseline/xfm/sub-test1_ses-baseline_from-T1w_to-T2w_mode-image_desc-affine_xfm.mat",
                "sub-test1/ses-baseline/xfm/sub-test1_ses-baseline_from-T2w_to-T1w_mode-image_desc-affine_xfm.mat",
                "sub-test1/ses-baseline/xfm/sub-test1_ses-baseline_from-T2w_to-dwi_mode-image_desc-affine_xfm.mat",
                "sub-test1/ses-baseline/xfm/sub-test1_ses-baseline_from-T2w_to-dwi_mode-image_desc-warp_xfm.nii.gz",
                "sub-test1/ses-baseline/xfm/sub-test1_ses-baseline_from-dwi_to-T2w_mode-image_desc-warp_xfm.nii.gz",
                "sub-test1/ses-time1",
                "sub-test1/ses-time1/anat",
                "sub-test1/ses-time1/anat/sub-test1_ses-time1_space-DWI_desc-preproc_T1w.json",
                "sub-test1/ses-time1/anat/sub-test1_ses-time1_space-DWI_desc-preproc_T1w.nii.gz",
                "sub-test1/ses-time1/anat/sub-test1_ses-time1_space-DWI_label-CSF_desc-fastseg_mask.json",
                "sub-test1/ses-time1/anat/sub-test1_ses-time1_space-DWI_label-CSF_desc-fastseg_mask.nii.gz",
                "sub-test1/ses-time1/anat/sub-test1_ses-time1_space-DWI_label-CSF_desc-fastseg_probseg.json",
                "sub-test1/ses-time1/anat/sub-test1_ses-time1_space-DWI_label-CSF_desc-fastseg_probseg.nii.gz",
                "sub-test1/ses-time1/anat/sub-test1_ses-time1_space-DWI_label-GM_desc-fastseg_mask.json",
                "sub-test1/ses-time1/anat/sub-test1_ses-time1_space-DWI_label-GM_desc-fastseg_mask.nii.gz",
                "sub-test1/ses-time1/anat/sub-test1_ses-time1_space-DWI_label-GM_desc-fastseg_probseg.json",
                "sub-test1/ses-time1/anat/sub-test1_ses-time1_space-DWI_label-GM_desc-fastseg_probseg.nii.gz",
                "sub-test1/ses-time1/anat/sub-test1_ses-time1_space-DWI_label-WM_desc-fastseg_mask.json",
                "sub-test1/ses-time1/anat/sub-test1_ses-time1_space-DWI_label-WM_desc-fastseg_mask.nii.gz",
                "sub-test1/ses-time1/anat/sub-test1_ses-time1_space-DWI_label-WM_desc-fastseg_probseg.json",
                "sub-test1/ses-time1/anat/sub-test1_ses-time1_space-DWI_label-WM_desc-fastseg_probseg.nii.gz",
                "sub-test1/ses-time1/anat/sub-test1_ses-time1_space-T1w_desc-brain_mask.json",
                "sub-test1/ses-time1/anat/sub-test1_ses-time1_space-T1w_desc-brain_mask.nii.gz",
                "sub-test1/ses-time1/anat/sub-test1_ses-time1_space-T1w_desc-preproc_T1w.json",
                "sub-test1/ses-time1/anat/sub-test1_ses-time1_space-T1w_desc-preproc_T1w.nii.gz",
                "sub-test1/ses-time1/anat/sub-test1_ses-time1_space-T1w_desc-preproc_T2w.json",
                "sub-test1/ses-time1/anat/sub-test1_ses-time1_space-T1w_desc-preproc_T2w.nii.gz",
                "sub-test1/ses-time1/anat/sub-test1_ses-time1_space-T2w_desc-brain_mask.json",
                "sub-test1/ses-time1/anat/sub-test1_ses-time1_space-T2w_desc-brain_mask.nii.gz",
                "sub-test1/ses-time1/anat/sub-test1_ses-time1_space-T2w_desc-preproc_T2w.json",
                "sub-test1/ses-time1/anat/sub-test1_ses-time1_space-T2w_desc-preproc_T2w.nii.gz",
                "sub-test1/ses-time1/dwi",
                "sub-test1/ses-time1/dwi/sub-test1_ses-time1_desc-brain_mask.json",
                "sub-test1/ses-time1/dwi/sub-test1_ses-time1_desc-brain_mask.nii.gz",
                "sub-test1/ses-time1/dwi/sub-test1_ses-time1_desc-preproc_b0.json",
                "sub-test1/ses-time1/dwi/sub-test1_ses-time1_desc-preproc_b0.nii.gz",
                "sub-test1/ses-time1/dwi/sub-test1_ses-time1_desc-preproc_dwi.bval",
                "sub-test1/ses-time1/dwi/sub-test1_ses-time1_desc-preproc_dwi.bvec",
                "sub-test1/ses-time1/dwi/sub-test1_ses-time1_desc-preproc_dwi.json",
                "sub-test1/ses-time1/dwi/sub-test1_ses-time1_desc-preproc_dwi.nii.gz",
                "sub-test1/ses-time1/dwi/sub-test1_ses-time1_frf.txt",
                "sub-test1/ses-time1/dwi/sub-test1_ses-time1_model-csd_param-afdmax_dwimap.json",
                "sub-test1/ses-time1/dwi/sub-test1_ses-time1_model-csd_param-afdmax_dwimap.nii.gz",
                "sub-test1/ses-time1/dwi/sub-test1_ses-time1_model-csd_param-afdsum_dwimap.json",
                "sub-test1/ses-time1/dwi/sub-test1_ses-time1_model-csd_param-afdsum_dwimap.nii.gz",
                "sub-test1/ses-time1/dwi/sub-test1_ses-time1_model-csd_param-afdtotal_dwimap.json",
                "sub-test1/ses-time1/dwi/sub-test1_ses-time1_model-csd_param-afdtotal_dwimap.nii.gz",
                "sub-test1/ses-time1/dwi/sub-test1_ses-time1_model-csd_param-csfsh_dwimap.nii.gz",
                "sub-test1/ses-time1/dwi/sub-test1_ses-time1_model-csd_param-gmsh_dwimap.nii.gz",
                "sub-test1/ses-time1/dwi/sub-test1_ses-time1_model-csd_param-nufo_dwimap.json",
                "sub-test1/ses-time1/dwi/sub-test1_ses-time1_model-csd_param-nufo_dwimap.nii.gz",
                "sub-test1/ses-time1/dwi/sub-test1_ses-time1_model-csd_param-peaks_dwimap.json",
                "sub-test1/ses-time1/dwi/sub-test1_ses-time1_model-csd_param-peaks_dwimap.nii.gz",
                "sub-test1/ses-time1/dwi/sub-test1_ses-time1_model-csd_param-sh_dwimap.json",
                "sub-test1/ses-time1/dwi/sub-test1_ses-time1_model-csd_param-sh_dwimap.nii.gz",
                "sub-test1/ses-time1/dwi/sub-test1_ses-time1_model-csd_param-wmsh_dwimap.nii.gz",
                "sub-test1/ses-time1/dwi/sub-test1_ses-time1_model-tensor_param-ad_dwimap.json",
                "sub-test1/ses-time1/dwi/sub-test1_ses-time1_model-tensor_param-ad_dwimap.nii.gz",
                "sub-test1/ses-time1/dwi/sub-test1_ses-time1_model-tensor_param-diffusivity_dwimap.json",
                "sub-test1/ses-time1/dwi/sub-test1_ses-time1_model-tensor_param-diffusivity_dwimap.nii.gz",
                "sub-test1/ses-time1/dwi/sub-test1_ses-time1_model-tensor_param-fa_dwimap.json",
                "sub-test1/ses-time1/dwi/sub-test1_ses-time1_model-tensor_param-fa_dwimap.nii.gz",
                "sub-test1/ses-time1/dwi/sub-test1_ses-time1_model-tensor_param-ga_dwimap.json",
                "sub-test1/ses-time1/dwi/sub-test1_ses-time1_model-tensor_param-ga_dwimap.nii.gz",
                "sub-test1/ses-time1/dwi/sub-test1_ses-time1_model-tensor_param-md_dwimap.json",
                "sub-test1/ses-time1/dwi/sub-test1_ses-time1_model-tensor_param-md_dwimap.nii.gz",
                "sub-test1/ses-time1/dwi/sub-test1_ses-time1_model-tensor_param-mode_dwimap.json",
                "sub-test1/ses-time1/dwi/sub-test1_ses-time1_model-tensor_param-mode_dwimap.nii.gz",
                "sub-test1/ses-time1/dwi/sub-test1_ses-time1_model-tensor_param-rd_dwimap.json",
                "sub-test1/ses-time1/dwi/sub-test1_ses-time1_model-tensor_param-rd_dwimap.nii.gz",
                "sub-test1/ses-time1/dwi/sub-test1_ses-time1_model-tensor_param-rgb_dwimap.json",
                "sub-test1/ses-time1/dwi/sub-test1_ses-time1_model-tensor_param-rgb_dwimap.nii.gz",
                "sub-test1/ses-time1/dwi/sub-test1_ses-time1_space-DWI_label-exclude_desc-pft_probseg.json",
                "sub-test1/ses-time1/dwi/sub-test1_ses-time1_space-DWI_label-exclude_desc-pft_probseg.nii.gz",
                "sub-test1/ses-time1/dwi/sub-test1_ses-time1_space-DWI_label-include_desc-pft_probseg.json",
                "sub-test1/ses-time1/dwi/sub-test1_ses-time1_space-DWI_label-include_desc-pft_probseg.nii.gz",
                "sub-test1/ses-time1/dwi/sub-test1_ses-time1_space-DWI_label-seeding_desc-local_mask.json",
                "sub-test1/ses-time1/dwi/sub-test1_ses-time1_space-DWI_label-seeding_desc-local_mask.nii.gz",
                "sub-test1/ses-time1/dwi/sub-test1_ses-time1_space-DWI_label-seeding_desc-pft_mask.json",
                "sub-test1/ses-time1/dwi/sub-test1_ses-time1_space-DWI_label-seeding_desc-pft_mask.nii.gz",
                "sub-test1/ses-time1/dwi/sub-test1_ses-time1_space-DWI_label-tracking_desc-local_mask.json",
                "sub-test1/ses-time1/dwi/sub-test1_ses-time1_space-DWI_label-tracking_desc-local_mask.nii.gz",
                "sub-test1/ses-time1/dwi/sub-test1_ses-time1_tract-wholebrain_track-pft_tractogram.trk",
                "sub-test1/ses-time1/dwi/sub-test1_ses-time1_tract-wholebrain_track-sdstream_desc-ensemble_tractogram.trk",
                "sub-test1/ses-time1/dwi/sub-test1_ses-time1_tract-wholebrain_track-sdstream_tractogram.trk",
                "sub-test1/ses-time1/figures",
                "sub-test1/ses-time1/figures/sub-test1__coverage_overlay_mqc.png",
                "sub-test1/ses-time1/figures/sub-test1_ses-time1_gradients_mqc.png",
                "sub-test1/ses-time1/figures/sub-test1_ses-time1_metrics_mqc.png",
                "sub-test1/ses-time1/figures/sub-test1_ses-time1_tissue_segmentation_mqc.png",
                "sub-test1/ses-time1/multiqc",
                "sub-test1/ses-time1/multiqc/sub-test1_multiqc_data",
                "sub-test1/ses-time1/multiqc/sub-test1_multiqc_plots",
                "sub-test1/ses-time1/multiqc/sub-test1_multiqc_report.html",
                "sub-test1/ses-time1/xfm",
                "sub-test1/ses-time1/xfm/sub-test1_ses-time1_from-T1w_to-T2w_mode-image_desc-affine_xfm.mat",
                "sub-test1/ses-time1/xfm/sub-test1_ses-time1_from-T1w_to-dwi_mode-image_desc-affine_xfm.mat",
                "sub-test1/ses-time1/xfm/sub-test1_ses-time1_from-T1w_to-dwi_mode-image_desc-warp_xfm.nii.gz",
                "sub-test1/ses-time1/xfm/sub-test1_ses-time1_from-T2w_to-T1w_mode-image_desc-affine_xfm.mat",
                "sub-test1/ses-time1/xfm/sub-test1_ses-time1_from-dwi_to-T1w_mode-image_desc-warp_xfm.nii.gz",
                "sub-test2",
                "sub-test2/anat",
                "sub-test2/anat/sub-test2_space-DWI_desc-preproc_T2w.json",
                "sub-test2/anat/sub-test2_space-DWI_desc-preproc_T2w.nii.gz",
                "sub-test2/anat/sub-test2_space-DWI_label-CSF_mask.json",
                "sub-test2/anat/sub-test2_space-DWI_label-CSF_mask.nii.gz",
                "sub-test2/anat/sub-test2_space-DWI_label-CSF_probseg.json",
                "sub-test2/anat/sub-test2_space-DWI_label-CSF_probseg.nii.gz",
                "sub-test2/anat/sub-test2_space-DWI_label-GM_mask.json",
                "sub-test2/anat/sub-test2_space-DWI_label-GM_mask.nii.gz",
                "sub-test2/anat/sub-test2_space-DWI_label-GM_probseg.json",
                "sub-test2/anat/sub-test2_space-DWI_label-GM_probseg.nii.gz",
                "sub-test2/anat/sub-test2_space-DWI_label-WM_mask.json",
                "sub-test2/anat/sub-test2_space-DWI_label-WM_mask.nii.gz",
                "sub-test2/anat/sub-test2_space-DWI_label-WM_probseg.json",
                "sub-test2/anat/sub-test2_space-DWI_label-WM_probseg.nii.gz",
                "sub-test2/anat/sub-test2_space-T2w_desc-brain_mask.json",
                "sub-test2/anat/sub-test2_space-T2w_desc-brain_mask.nii.gz",
                "sub-test2/anat/sub-test2_space-T2w_desc-preproc_T2w.json",
                "sub-test2/anat/sub-test2_space-T2w_desc-preproc_T2w.nii.gz",
                "sub-test2/dwi",
                "sub-test2/dwi/sub-test2_desc-brain_mask.json",
                "sub-test2/dwi/sub-test2_desc-brain_mask.nii.gz",
                "sub-test2/dwi/sub-test2_desc-preproc_b0.json",
                "sub-test2/dwi/sub-test2_desc-preproc_b0.nii.gz",
                "sub-test2/dwi/sub-test2_desc-preproc_dwi.bval",
                "sub-test2/dwi/sub-test2_desc-preproc_dwi.bvec",
                "sub-test2/dwi/sub-test2_desc-preproc_dwi.json",
                "sub-test2/dwi/sub-test2_desc-preproc_dwi.nii.gz",
                "sub-test2/dwi/sub-test2_frf.txt",
                "sub-test2/dwi/sub-test2_model-csd_param-afdmax_dwimap.json",
                "sub-test2/dwi/sub-test2_model-csd_param-afdmax_dwimap.nii.gz",
                "sub-test2/dwi/sub-test2_model-csd_param-afdsum_dwimap.json",
                "sub-test2/dwi/sub-test2_model-csd_param-afdsum_dwimap.nii.gz",
                "sub-test2/dwi/sub-test2_model-csd_param-afdtotal_dwimap.json",
                "sub-test2/dwi/sub-test2_model-csd_param-afdtotal_dwimap.nii.gz",
                "sub-test2/dwi/sub-test2_model-csd_param-csfsh_dwimap.nii.gz",
                "sub-test2/dwi/sub-test2_model-csd_param-gmsh_dwimap.nii.gz",
                "sub-test2/dwi/sub-test2_model-csd_param-nufo_dwimap.json",
                "sub-test2/dwi/sub-test2_model-csd_param-nufo_dwimap.nii.gz",
                "sub-test2/dwi/sub-test2_model-csd_param-peaks_dwimap.json",
                "sub-test2/dwi/sub-test2_model-csd_param-peaks_dwimap.nii.gz",
                "sub-test2/dwi/sub-test2_model-csd_param-sh_dwimap.json",
                "sub-test2/dwi/sub-test2_model-csd_param-sh_dwimap.nii.gz",
                "sub-test2/dwi/sub-test2_model-csd_param-wmsh_dwimap.nii.gz",
                "sub-test2/dwi/sub-test2_model-tensor_param-ad_dwimap.json",
                "sub-test2/dwi/sub-test2_model-tensor_param-ad_dwimap.nii.gz",
                "sub-test2/dwi/sub-test2_model-tensor_param-diffusivity_dwimap.json",
                "sub-test2/dwi/sub-test2_model-tensor_param-diffusivity_dwimap.nii.gz",
                "sub-test2/dwi/sub-test2_model-tensor_param-fa_dwimap.json",
                "sub-test2/dwi/sub-test2_model-tensor_param-fa_dwimap.nii.gz",
                "sub-test2/dwi/sub-test2_model-tensor_param-ga_dwimap.json",
                "sub-test2/dwi/sub-test2_model-tensor_param-ga_dwimap.nii.gz",
                "sub-test2/dwi/sub-test2_model-tensor_param-md_dwimap.json",
                "sub-test2/dwi/sub-test2_model-tensor_param-md_dwimap.nii.gz",
                "sub-test2/dwi/sub-test2_model-tensor_param-mode_dwimap.json",
                "sub-test2/dwi/sub-test2_model-tensor_param-mode_dwimap.nii.gz",
                "sub-test2/dwi/sub-test2_model-tensor_param-rd_dwimap.json",
                "sub-test2/dwi/sub-test2_model-tensor_param-rd_dwimap.nii.gz",
                "sub-test2/dwi/sub-test2_model-tensor_param-rgb_dwimap.json",
                "sub-test2/dwi/sub-test2_model-tensor_param-rgb_dwimap.nii.gz",
                "sub-test2/dwi/sub-test2_space-DWI_label-exclude_desc-pft_probseg.json",
                "sub-test2/dwi/sub-test2_space-DWI_label-exclude_desc-pft_probseg.nii.gz",
                "sub-test2/dwi/sub-test2_space-DWI_label-include_desc-pft_probseg.json",
                "sub-test2/dwi/sub-test2_space-DWI_label-include_desc-pft_probseg.nii.gz",
                "sub-test2/dwi/sub-test2_space-DWI_label-seeding_desc-local_mask.json",
                "sub-test2/dwi/sub-test2_space-DWI_label-seeding_desc-local_mask.nii.gz",
                "sub-test2/dwi/sub-test2_space-DWI_label-seeding_desc-pft_mask.json",
                "sub-test2/dwi/sub-test2_space-DWI_label-seeding_desc-pft_mask.nii.gz",
                "sub-test2/dwi/sub-test2_space-DWI_label-tracking_desc-local_mask.json",
                "sub-test2/dwi/sub-test2_space-DWI_label-tracking_desc-local_mask.nii.gz",
                "sub-test2/dwi/sub-test2_tract-wholebrain_track-pft_tractogram.trk",
                "sub-test2/dwi/sub-test2_tract-wholebrain_track-sdstream_desc-ensemble_tractogram.trk",
                "sub-test2/dwi/sub-test2_tract-wholebrain_track-sdstream_tractogram.trk",
                "sub-test2/figures",
                "sub-test2/figures/sub-test2__coverage_overlay_mqc.png",
                "sub-test2/figures/sub-test2_gradients_mqc.png",
                "sub-test2/figures/sub-test2_metrics_mqc.png",
                "sub-test2/figures/sub-test2_tissue_segmentation_mqc.png",
                "sub-test2/multiqc",
                "sub-test2/multiqc/sub-test2_multiqc_data",
                "sub-test2/multiqc/sub-test2_multiqc_plots",
                "sub-test2/multiqc/sub-test2_multiqc_report.html",
                "sub-test2/xfm",
                "sub-test2/xfm/sub-test2_from-T2w_to-dwi_mode-image_desc-affine_xfm.mat",
                "sub-test2/xfm/sub-test2_from-T2w_to-dwi_mode-image_desc-warp_xfm.nii.gz",
                "sub-test2/xfm/sub-test2_from-dwi_to-T2w_mode-image_desc-warp_xfm.nii.gz",
                "sub-test3",
                "sub-test3/anat",
                "sub-test3/anat/sub-test3_space-DWI_desc-preproc_T2w.json",
                "sub-test3/anat/sub-test3_space-DWI_desc-preproc_T2w.nii.gz",
                "sub-test3/anat/sub-test3_space-DWI_label-CSF_mask.json",
                "sub-test3/anat/sub-test3_space-DWI_label-CSF_mask.nii.gz",
                "sub-test3/anat/sub-test3_space-DWI_label-CSF_probseg.json",
                "sub-test3/anat/sub-test3_space-DWI_label-CSF_probseg.nii.gz",
                "sub-test3/anat/sub-test3_space-DWI_label-GM_mask.json",
                "sub-test3/anat/sub-test3_space-DWI_label-GM_mask.nii.gz",
                "sub-test3/anat/sub-test3_space-DWI_label-GM_probseg.json",
                "sub-test3/anat/sub-test3_space-DWI_label-GM_probseg.nii.gz",
                "sub-test3/anat/sub-test3_space-DWI_label-WM_mask.json",
                "sub-test3/anat/sub-test3_space-DWI_label-WM_mask.nii.gz",
                "sub-test3/anat/sub-test3_space-DWI_label-WM_probseg.json",
                "sub-test3/anat/sub-test3_space-DWI_label-WM_probseg.nii.gz",
                "sub-test3/anat/sub-test3_space-T2w_desc-brain_mask.json",
                "sub-test3/anat/sub-test3_space-T2w_desc-brain_mask.nii.gz",
                "sub-test3/anat/sub-test3_space-T2w_desc-preproc_T2w.json",
                "sub-test3/anat/sub-test3_space-T2w_desc-preproc_T2w.nii.gz",
                "sub-test3/dwi",
                "sub-test3/dwi/sub-test3_desc-brain_mask.json",
                "sub-test3/dwi/sub-test3_desc-brain_mask.nii.gz",
                "sub-test3/dwi/sub-test3_desc-preproc_b0.json",
                "sub-test3/dwi/sub-test3_desc-preproc_b0.nii.gz",
                "sub-test3/dwi/sub-test3_desc-preproc_dwi.bval",
                "sub-test3/dwi/sub-test3_desc-preproc_dwi.bvec",
                "sub-test3/dwi/sub-test3_desc-preproc_dwi.json",
                "sub-test3/dwi/sub-test3_desc-preproc_dwi.nii.gz",
                "sub-test3/dwi/sub-test3_frf.txt",
                "sub-test3/dwi/sub-test3_model-csd_param-afdmax_dwimap.json",
                "sub-test3/dwi/sub-test3_model-csd_param-afdmax_dwimap.nii.gz",
                "sub-test3/dwi/sub-test3_model-csd_param-afdsum_dwimap.json",
                "sub-test3/dwi/sub-test3_model-csd_param-afdsum_dwimap.nii.gz",
                "sub-test3/dwi/sub-test3_model-csd_param-afdtotal_dwimap.json",
                "sub-test3/dwi/sub-test3_model-csd_param-afdtotal_dwimap.nii.gz",
                "sub-test3/dwi/sub-test3_model-csd_param-csfsh_dwimap.nii.gz",
                "sub-test3/dwi/sub-test3_model-csd_param-gmsh_dwimap.nii.gz",
                "sub-test3/dwi/sub-test3_model-csd_param-nufo_dwimap.json",
                "sub-test3/dwi/sub-test3_model-csd_param-nufo_dwimap.nii.gz",
                "sub-test3/dwi/sub-test3_model-csd_param-peaks_dwimap.json",
                "sub-test3/dwi/sub-test3_model-csd_param-peaks_dwimap.nii.gz",
                "sub-test3/dwi/sub-test3_model-csd_param-sh_dwimap.json",
                "sub-test3/dwi/sub-test3_model-csd_param-sh_dwimap.nii.gz",
                "sub-test3/dwi/sub-test3_model-csd_param-wmsh_dwimap.nii.gz",
                "sub-test3/dwi/sub-test3_model-tensor_param-ad_dwimap.json",
                "sub-test3/dwi/sub-test3_model-tensor_param-ad_dwimap.nii.gz",
                "sub-test3/dwi/sub-test3_model-tensor_param-diffusivity_dwimap.json",
                "sub-test3/dwi/sub-test3_model-tensor_param-diffusivity_dwimap.nii.gz",
                "sub-test3/dwi/sub-test3_model-tensor_param-fa_dwimap.json",
                "sub-test3/dwi/sub-test3_model-tensor_param-fa_dwimap.nii.gz",
                "sub-test3/dwi/sub-test3_model-tensor_param-ga_dwimap.json",
                "sub-test3/dwi/sub-test3_model-tensor_param-ga_dwimap.nii.gz",
                "sub-test3/dwi/sub-test3_model-tensor_param-md_dwimap.json",
                "sub-test3/dwi/sub-test3_model-tensor_param-md_dwimap.nii.gz",
                "sub-test3/dwi/sub-test3_model-tensor_param-mode_dwimap.json",
                "sub-test3/dwi/sub-test3_model-tensor_param-mode_dwimap.nii.gz",
                "sub-test3/dwi/sub-test3_model-tensor_param-rd_dwimap.json",
                "sub-test3/dwi/sub-test3_model-tensor_param-rd_dwimap.nii.gz",
                "sub-test3/dwi/sub-test3_model-tensor_param-rgb_dwimap.json",
                "sub-test3/dwi/sub-test3_model-tensor_param-rgb_dwimap.nii.gz",
                "sub-test3/dwi/sub-test3_space-DWI_label-exclude_desc-pft_probseg.json",
                "sub-test3/dwi/sub-test3_space-DWI_label-exclude_desc-pft_probseg.nii.gz",
                "sub-test3/dwi/sub-test3_space-DWI_label-include_desc-pft_probseg.json",
                "sub-test3/dwi/sub-test3_space-DWI_label-include_desc-pft_probseg.nii.gz",
                "sub-test3/dwi/sub-test3_space-DWI_label-seeding_desc-local_mask.json",
                "sub-test3/dwi/sub-test3_space-DWI_label-seeding_desc-local_mask.nii.gz",
                "sub-test3/dwi/sub-test3_space-DWI_label-seeding_desc-pft_mask.json",
                "sub-test3/dwi/sub-test3_space-DWI_label-seeding_desc-pft_mask.nii.gz",
                "sub-test3/dwi/sub-test3_space-DWI_label-tracking_desc-local_mask.json",
                "sub-test3/dwi/sub-test3_space-DWI_label-tracking_desc-local_mask.nii.gz",
                "sub-test3/dwi/sub-test3_tract-wholebrain_track-pft_tractogram.trk",
                "sub-test3/dwi/sub-test3_tract-wholebrain_track-sdstream_desc-ensemble_tractogram.trk",
                "sub-test3/dwi/sub-test3_tract-wholebrain_track-sdstream_tractogram.trk",
                "sub-test3/figures",
                "sub-test3/figures/sub-test3__coverage_overlay_mqc.png",
                "sub-test3/figures/sub-test3_gradients_mqc.png",
                "sub-test3/figures/sub-test3_metrics_mqc.png",
                "sub-test3/figures/sub-test3_tissue_segmentation_mqc.png",
                "sub-test3/multiqc",
                "sub-test3/multiqc/sub-test3_multiqc_data",
                "sub-test3/multiqc/sub-test3_multiqc_plots",
                "sub-test3/multiqc/sub-test3_multiqc_report.html",
                "sub-test3/xfm",
                "sub-test3/xfm/sub-test3_from-T2w_to-dwi_mode-image_desc-affine_xfm.mat",
                "sub-test3/xfm/sub-test3_from-T2w_to-dwi_mode-image_desc-warp_xfm.nii.gz",
                "sub-test3/xfm/sub-test3_from-dwi_to-T2w_mode-image_desc-warp_xfm.nii.gz",
                "sub-test4",
                "sub-test4/anat",
                "sub-test4/anat/sub-test4_space-DWI_desc-preproc_T1w.json",
                "sub-test4/anat/sub-test4_space-DWI_desc-preproc_T1w.nii.gz",
                "sub-test4/anat/sub-test4_space-DWI_label-CSF_desc-fastseg_mask.json",
                "sub-test4/anat/sub-test4_space-DWI_label-CSF_desc-fastseg_mask.nii.gz",
                "sub-test4/anat/sub-test4_space-DWI_label-CSF_desc-fastseg_probseg.json",
                "sub-test4/anat/sub-test4_space-DWI_label-CSF_desc-fastseg_probseg.nii.gz",
                "sub-test4/anat/sub-test4_space-DWI_label-GM_desc-fastseg_mask.json",
                "sub-test4/anat/sub-test4_space-DWI_label-GM_desc-fastseg_mask.nii.gz",
                "sub-test4/anat/sub-test4_space-DWI_label-GM_desc-fastseg_probseg.json",
                "sub-test4/anat/sub-test4_space-DWI_label-GM_desc-fastseg_probseg.nii.gz",
                "sub-test4/anat/sub-test4_space-DWI_label-WM_desc-fastseg_mask.json",
                "sub-test4/anat/sub-test4_space-DWI_label-WM_desc-fastseg_mask.nii.gz",
                "sub-test4/anat/sub-test4_space-DWI_label-WM_desc-fastseg_probseg.json",
                "sub-test4/anat/sub-test4_space-DWI_label-WM_desc-fastseg_probseg.nii.gz",
                "sub-test4/anat/sub-test4_space-T1w_desc-brain_mask.json",
                "sub-test4/anat/sub-test4_space-T1w_desc-brain_mask.nii.gz",
                "sub-test4/anat/sub-test4_space-T1w_desc-preproc_T1w.json",
                "sub-test4/anat/sub-test4_space-T1w_desc-preproc_T1w.nii.gz",
                "sub-test4/dwi",
                "sub-test4/dwi/sub-test4_desc-brain_mask.json",
                "sub-test4/dwi/sub-test4_desc-brain_mask.nii.gz",
                "sub-test4/dwi/sub-test4_desc-preproc_b0.json",
                "sub-test4/dwi/sub-test4_desc-preproc_b0.nii.gz",
                "sub-test4/dwi/sub-test4_desc-preproc_dwi.bval",
                "sub-test4/dwi/sub-test4_desc-preproc_dwi.bvec",
                "sub-test4/dwi/sub-test4_desc-preproc_dwi.json",
                "sub-test4/dwi/sub-test4_desc-preproc_dwi.nii.gz",
                "sub-test4/dwi/sub-test4_frf.txt",
                "sub-test4/dwi/sub-test4_model-csd_param-afdmax_dwimap.json",
                "sub-test4/dwi/sub-test4_model-csd_param-afdmax_dwimap.nii.gz",
                "sub-test4/dwi/sub-test4_model-csd_param-afdsum_dwimap.json",
                "sub-test4/dwi/sub-test4_model-csd_param-afdsum_dwimap.nii.gz",
                "sub-test4/dwi/sub-test4_model-csd_param-afdtotal_dwimap.json",
                "sub-test4/dwi/sub-test4_model-csd_param-afdtotal_dwimap.nii.gz",
                "sub-test4/dwi/sub-test4_model-csd_param-csfsh_dwimap.nii.gz",
                "sub-test4/dwi/sub-test4_model-csd_param-gmsh_dwimap.nii.gz",
                "sub-test4/dwi/sub-test4_model-csd_param-nufo_dwimap.json",
                "sub-test4/dwi/sub-test4_model-csd_param-nufo_dwimap.nii.gz",
                "sub-test4/dwi/sub-test4_model-csd_param-peaks_dwimap.json",
                "sub-test4/dwi/sub-test4_model-csd_param-peaks_dwimap.nii.gz",
                "sub-test4/dwi/sub-test4_model-csd_param-sh_dwimap.json",
                "sub-test4/dwi/sub-test4_model-csd_param-sh_dwimap.nii.gz",
                "sub-test4/dwi/sub-test4_model-csd_param-wmsh_dwimap.nii.gz",
                "sub-test4/dwi/sub-test4_model-tensor_param-ad_dwimap.json",
                "sub-test4/dwi/sub-test4_model-tensor_param-ad_dwimap.nii.gz",
                "sub-test4/dwi/sub-test4_model-tensor_param-diffusivity_dwimap.json",
                "sub-test4/dwi/sub-test4_model-tensor_param-diffusivity_dwimap.nii.gz",
                "sub-test4/dwi/sub-test4_model-tensor_param-fa_dwimap.json",
                "sub-test4/dwi/sub-test4_model-tensor_param-fa_dwimap.nii.gz",
                "sub-test4/dwi/sub-test4_model-tensor_param-ga_dwimap.json",
                "sub-test4/dwi/sub-test4_model-tensor_param-ga_dwimap.nii.gz",
                "sub-test4/dwi/sub-test4_model-tensor_param-md_dwimap.json",
                "sub-test4/dwi/sub-test4_model-tensor_param-md_dwimap.nii.gz",
                "sub-test4/dwi/sub-test4_model-tensor_param-mode_dwimap.json",
                "sub-test4/dwi/sub-test4_model-tensor_param-mode_dwimap.nii.gz",
                "sub-test4/dwi/sub-test4_model-tensor_param-rd_dwimap.json",
                "sub-test4/dwi/sub-test4_model-tensor_param-rd_dwimap.nii.gz",
                "sub-test4/dwi/sub-test4_model-tensor_param-rgb_dwimap.json",
                "sub-test4/dwi/sub-test4_model-tensor_param-rgb_dwimap.nii.gz",
                "sub-test4/dwi/sub-test4_space-DWI_label-exclude_desc-pft_probseg.json",
                "sub-test4/dwi/sub-test4_space-DWI_label-exclude_desc-pft_probseg.nii.gz",
                "sub-test4/dwi/sub-test4_space-DWI_label-include_desc-pft_probseg.json",
                "sub-test4/dwi/sub-test4_space-DWI_label-include_desc-pft_probseg.nii.gz",
                "sub-test4/dwi/sub-test4_space-DWI_label-seeding_desc-local_mask.json",
                "sub-test4/dwi/sub-test4_space-DWI_label-seeding_desc-local_mask.nii.gz",
                "sub-test4/dwi/sub-test4_space-DWI_label-seeding_desc-pft_mask.json",
                "sub-test4/dwi/sub-test4_space-DWI_label-seeding_desc-pft_mask.nii.gz",
                "sub-test4/dwi/sub-test4_space-DWI_label-tracking_desc-local_mask.json",
                "sub-test4/dwi/sub-test4_space-DWI_label-tracking_desc-local_mask.nii.gz",
                "sub-test4/dwi/sub-test4_tract-wholebrain_track-pft_tractogram.trk",
                "sub-test4/dwi/sub-test4_tract-wholebrain_track-sdstream_desc-ensemble_tractogram.trk",
                "sub-test4/dwi/sub-test4_tract-wholebrain_track-sdstream_tractogram.trk",
                "sub-test4/figures",
                "sub-test4/figures/sub-test4__coverage_overlay_mqc.png",
                "sub-test4/figures/sub-test4_gradients_mqc.png",
                "sub-test4/figures/sub-test4_metrics_mqc.png",
                "sub-test4/figures/sub-test4_tissue_segmentation_mqc.png",
                "sub-test4/multiqc",
                "sub-test4/multiqc/sub-test4_multiqc_data",
                "sub-test4/multiqc/sub-test4_multiqc_plots",
                "sub-test4/multiqc/sub-test4_multiqc_report.html",
                "sub-test4/xfm",
                "sub-test4/xfm/sub-test4_from-T1w_to-dwi_mode-image_desc-affine_xfm.mat",
                "sub-test4/xfm/sub-test4_from-T1w_to-dwi_mode-image_desc-warp_xfm.nii.gz",
                "sub-test4/xfm/sub-test4_from-dwi_to-T1w_mode-image_desc-warp_xfm.nii.gz"
            ]
        ],
        "meta": {
            "nf-test": "0.9.3",
            "nextflow": "25.04.8"
        },
        "timestamp": "2025-12-18T12:26:47.178721"
    }
}