{
    "connectivity - visualisation ": {
        "content": [
            {
                "0": [
                    [
                        {
                            "id": "test",
                            "single_end": false
                        },
                        [
                            "afd_max_histogram.png:md5,04c57abad19dea2df86fb598789c3d9b",
                            "afd_max_matrix.png:md5,9a66e87ea6da9b314f080536b8260236",
                            "len_histogram.png:md5,508c88e9902b135178067952ab8c6c60",
                            "len_matrix.png:md5,1faaed422ace49a4c0537a803c615f42",
                            "mask_histogram.png:md5,d7303e94881c075ef000e86819eecc8a",
                            "mask_matrix.png:md5,a0929c646a6d69500c5661867509839f",
                            "pval_histogram.png:md5,632a273d5b1d066c7f5b7805ffe7b4fa",
                            "pval_matrix.png:md5,50893fd68961d7d93fc7033d298aa8cf",
                            "sc_add_10_histogram.png:md5,b2fef378d94f92590e958e31e3065e7a",
                            "sc_add_10_matrix.png:md5,5f761e98b6b77a3ed70720c8a5576f8d",
                            "sc_histogram.png:md5,5a85cb802712de2f90db5f9d5c60e78d",
                            "sc_lower_threshold_histogram.png:md5,7faf50f285cfd6f35f4e685bf26f23fc",
                            "sc_lower_threshold_matrix.png:md5,d1be3b1d63615ce9c6967714108588ae",
                            "sc_masked_histogram.png:md5,ffc44e63dee31d7617c7b2ee8a01bf2b",
                            "sc_masked_matrix.png:md5,536e23bf20443ad18ea95691c77f2ede",
                            "sc_matrix.png:md5,f8e44e3a1d3e6e1f3cd4835b4ca3daab",
                            "sc_norm_histogram.png:md5,7f206b51463fb253c0aa144eb621c5d6",
                            "sc_norm_matrix.png:md5,f6c16f5eb6d815637b75a4e97d3e59aa",
                            "sc_norm_vol_histogram.png:md5,2e87785ae97199ad6c0dc90a4abed372",
                            "sc_norm_vol_matrix.png:md5,641b0931b83c8ab4ecef95d65ead536e",
                            "sc_normalize_histogram.png:md5,fcc6037522c2e42246b848dafc91089e",
                            "sc_normalize_matrix.png:md5,66e5b3b4b6a16298b1dcbb8c7c2d9895",
                            "sc_reo_fake_histogram.png:md5,cb396803de8f63a7810c1eeebbf1207b",
                            "sc_reo_fake_matrix.png:md5,c99ec5973609efb99299031b218b11e2",
                            "sc_thr_histogram.png:md5,7faf50f285cfd6f35f4e685bf26f23fc",
                            "sc_thr_matrix.png:md5,d1be3b1d63615ce9c6967714108588ae",
                            "sim_histogram.png:md5,bc096134299a15ebcc4865f87b27793a",
                            "sim_matrix.png:md5,4259b7d3ce9ce93191b759bbe570a52a",
                            "vol_histogram.png:md5,b9447aff5439d7f1295aa0ecebf798a9",
                            "vol_matrix.png:md5,f4f036e1dcb76d02fbc90cbb4cf14335"
                        ]
                    ]
                ],
                "1": [
                    "versions.yml:md5,b69d16024ae8d4a8657d1cf1eabc8e77"
                ],
                "figure": [
                    [
                        {
                            "id": "test",
                            "single_end": false
                        },
                        [
                            "afd_max_histogram.png:md5,04c57abad19dea2df86fb598789c3d9b",
                            "afd_max_matrix.png:md5,9a66e87ea6da9b314f080536b8260236",
                            "len_histogram.png:md5,508c88e9902b135178067952ab8c6c60",
                            "len_matrix.png:md5,1faaed422ace49a4c0537a803c615f42",
                            "mask_histogram.png:md5,d7303e94881c075ef000e86819eecc8a",
                            "mask_matrix.png:md5,a0929c646a6d69500c5661867509839f",
                            "pval_histogram.png:md5,632a273d5b1d066c7f5b7805ffe7b4fa",
                            "pval_matrix.png:md5,50893fd68961d7d93fc7033d298aa8cf",
                            "sc_add_10_histogram.png:md5,b2fef378d94f92590e958e31e3065e7a",
                            "sc_add_10_matrix.png:md5,5f761e98b6b77a3ed70720c8a5576f8d",
                            "sc_histogram.png:md5,5a85cb802712de2f90db5f9d5c60e78d",
                            "sc_lower_threshold_histogram.png:md5,7faf50f285cfd6f35f4e685bf26f23fc",
                            "sc_lower_threshold_matrix.png:md5,d1be3b1d63615ce9c6967714108588ae",
                            "sc_masked_histogram.png:md5,ffc44e63dee31d7617c7b2ee8a01bf2b",
                            "sc_masked_matrix.png:md5,536e23bf20443ad18ea95691c77f2ede",
                            "sc_matrix.png:md5,f8e44e3a1d3e6e1f3cd4835b4ca3daab",
                            "sc_norm_histogram.png:md5,7f206b51463fb253c0aa144eb621c5d6",
                            "sc_norm_matrix.png:md5,f6c16f5eb6d815637b75a4e97d3e59aa",
                            "sc_norm_vol_histogram.png:md5,2e87785ae97199ad6c0dc90a4abed372",
                            "sc_norm_vol_matrix.png:md5,641b0931b83c8ab4ecef95d65ead536e",
                            "sc_normalize_histogram.png:md5,fcc6037522c2e42246b848dafc91089e",
                            "sc_normalize_matrix.png:md5,66e5b3b4b6a16298b1dcbb8c7c2d9895",
                            "sc_reo_fake_histogram.png:md5,cb396803de8f63a7810c1eeebbf1207b",
                            "sc_reo_fake_matrix.png:md5,c99ec5973609efb99299031b218b11e2",
                            "sc_thr_histogram.png:md5,7faf50f285cfd6f35f4e685bf26f23fc",
                            "sc_thr_matrix.png:md5,d1be3b1d63615ce9c6967714108588ae",
                            "sim_histogram.png:md5,bc096134299a15ebcc4865f87b27793a",
                            "sim_matrix.png:md5,4259b7d3ce9ce93191b759bbe570a52a",
                            "vol_histogram.png:md5,b9447aff5439d7f1295aa0ecebf798a9",
                            "vol_matrix.png:md5,f4f036e1dcb76d02fbc90cbb4cf14335"
                        ]
                    ]
                ],
                "versions": [
                    "versions.yml:md5,b69d16024ae8d4a8657d1cf1eabc8e77"
                ]
            }
        ],
        "meta": {
            "nf-test": "0.9.3",
            "nextflow": "25.10.2"
        },
        "timestamp": "2026-02-26T21:57:05.881394714"
    },
    "connectivity - visualisation - stub-run": {
        "content": [
            [
                "versions.yml:md5,b69d16024ae8d4a8657d1cf1eabc8e77"
            ]
        ],
        "meta": {
            "nf-test": "0.9.3",
            "nextflow": "25.10.2"
        },
        "timestamp": "2026-02-26T21:57:11.212669081"
    }
}