{
    "qc - tractogram - stub-run": {
        "content": [
            [
                "versions.yml:md5,9cc02a45546b3a87dd1a11dec877ca02"
            ]
        ],
        "meta": {
            "nf-test": "0.9.3",
            "nextflow": "25.10.2"
        },
        "timestamp": "2026-02-26T15:43:18.422594415"
    },
    "qc - tractogram": {
        "content": [
            [
                [
                    {
                        "id": "test",
                        "single_end": false
                    },
                    "test__tractogram_mask.nii.gz:md5,b8a4981e90917125c0fa23133b39576f"
                ]
            ],
            [
                [
                    {
                        "id": "test",
                        "single_end": false
                    },
                    "test__TDI.nii.gz:md5,f9f526aaa889c064e395db7daaa6dab3"
                ]
            ],
            [
                [
                    {
                        "id": "test",
                        "single_end": false
                    },
                    "test__dice.txt:md5,f11e1be9f54609a1b875551c23aae742"
                ]
            ],
            [
                [
                    {
                        "id": "test",
                        "single_end": false
                    },
                    "test__sc.txt:md5,dc815a1f602788e79d9e5dbcc15b05fc"
                ]
            ],
            "test__coverage_overlay_mqc.png",
            [
                "versions.yml:md5,9cc02a45546b3a87dd1a11dec877ca02"
            ]
        ],
        "meta": {
            "nf-test": "0.9.3",
            "nextflow": "25.10.2"
        },
        "timestamp": "2026-03-17T11:29:03.649515425"
    }
}