{
    "connectivity - afdfixel - no params": {
        "content": [
            {
                "0": [
                    [
                        {
                            "id": "test"
                        },
                        "test__afd_fixel.h5:md5,48dfdf3f19dd2a0bce14fed72565b7c1"
                    ]
                ],
                "1": [
                    "versions.yml:md5,466f33e0bb4b812d346cc6531facad34"
                ],
                "hdf5": [
                    [
                        {
                            "id": "test"
                        },
                        "test__afd_fixel.h5:md5,48dfdf3f19dd2a0bce14fed72565b7c1"
                    ]
                ],
                "versions": [
                    "versions.yml:md5,466f33e0bb4b812d346cc6531facad34"
                ]
            }
        ],
        "meta": {
            "nf-test": "0.9.3",
            "nextflow": "25.10.2"
        },
        "timestamp": "2026-02-26T21:55:38.983126638"
    },
    "connectivity - afdfixel - with params": {
        "content": [
            "test__afd_fixel.h5",
            [
                "versions.yml:md5,466f33e0bb4b812d346cc6531facad34"
            ]
        ],
        "meta": {
            "nf-test": "0.9.3",
            "nextflow": "25.10.2"
        },
        "timestamp": "2026-02-26T21:56:03.24770927"
    },
    "connectivity - afdfixel - with stub": {
        "content": [
            [
                "versions.yml:md5,466f33e0bb4b812d346cc6531facad34"
            ]
        ],
        "meta": {
            "nf-test": "0.9.3",
            "nextflow": "25.10.2"
        },
        "timestamp": "2026-02-26T21:56:07.973935646"
    }
}